{"K": 32, "columns": 16384, "direct": 0.5882752338450985, "oracle": 0.46920415654946285, "phase": "shape_search", "rows": 1024, "states": [96, 96, 5, 0]}
{"K": 32, "columns": 16384, "direct": 0.47563109614863863, "oracle": 0.45448264059346816, "phase": "shape_search", "rows": 16384, "states": [96, 96, 6, 0]}
{"K": 32, "columns": 53248, "direct": 0.46887026650283564, "oracle": 0.4549259985482235, "phase": "shape_search", "rows": 16384, "states": [96, 96, 6, 0]}
{"K": 32, "columns": 16384, "direct": 0.46739896189703567, "oracle": 0.4534543993251572, "phase": "shape_search", "rows": 53248, "states": [96, 96, 6, 0]}
{"K": 32, "columns": 16384, "direct": 0.46456424711161687, "oracle": 0.45250825316808857, "phase": "shape_search", "rows": 128256, "states": [96, 96, 6, 0]}
{"K": 64, "columns": 16384, "direct": 0.5571388907983654, "oracle": 0.44292359586841373, "phase": "shape_search", "rows": 1024, "states": [96, 96, 8, 0]}
{"K": 64, "columns": 16384, "direct": 0.45872839440081986, "oracle": 0.4290266456968395, "phase": "shape_search", "rows": 16384, "states": [96, 96, 0]}
{"K": 64, "columns": 53248, "direct": 0.4496341627054614, "oracle": 0.42944517076068645, "phase": "shape_search", "rows": 16384, "states": [96, 96, 0]}
{"K": 64, "columns": 16384, "direct": 0.44824541567897513, "oracle": 0.4280559971771634, "phase": "shape_search", "rows": 53248, "states": [96, 96, 0]}
{"K": 64, "columns": 16384, "direct": 0.44456270337618375, "oracle": 0.4271628455452858, "phase": "shape_search", "rows": 128256, "states": [96, 96, 0]}
{"K": 128, "columns": 16384, "direct": 0.5571388907983654, "oracle": 0.44292359586841373, "phase": "shape_search", "rows": 1024, "states": [97, 96, 96, 0]}
{"K": 128, "columns": 16384, "direct": 0.45872839440081986, "oracle": 0.4290266456968395, "phase": "shape_search", "rows": 16384, "states": [96, 96, 96, 0]}
{"K": 128, "columns": 53248, "direct": 0.4496341627054614, "oracle": 0.42944517076068645, "phase": "shape_search", "rows": 16384, "states": [96, 96, 96, 0]}
{"K": 128, "columns": 16384, "direct": 0.44824541567897513, "oracle": 0.4280559971771634, "phase": "shape_search", "rows": 53248, "states": [96, 96, 96, 0]}
{"K": 128, "columns": 16384, "direct": 0.44456270337618375, "oracle": 0.4271628455452858, "phase": "shape_search", "rows": 128256, "states": [96, 96, 96, 0]}
{"K": 256, "columns": 16384, "direct": 0.5571388907983654, "oracle": 0.32460942682968297, "phase": "shape_search", "rows": 1024, "states": [96, 96, 96, 0]}
{"K": 256, "columns": 16384, "direct": 0.42580840432415057, "oracle": 0.3052550008016324, "phase": "shape_search", "rows": 16384, "states": [96, 96, 96, 0]}
{"K": 256, "columns": 53248, "direct": 0.3776285508176106, "oracle": 0.30326848957167973, "phase": "shape_search", "rows": 16384, "states": [96, 96, 96, 0]}
{"K": 256, "columns": 16384, "direct": 0.37502855625591086, "oracle": 0.2974881072868159, "phase": "shape_search", "rows": 53248, "states": [96, 96, 96, 0]}
{"K": 256, "columns": 16384, "direct": 0.35636742646592734, "oracle": 0.2987664232975914, "phase": "shape_search", "rows": 128256, "states": [96, 96, 96, 0]}
{"K": 512, "columns": 16384, "direct": 0.5571388907983654, "oracle": 0.30345195370132, "phase": "shape_search", "rows": 1024, "states": [96, 96, 96, 0]}
{"K": 512, "columns": 16384, "direct": 0.4056775633073011, "oracle": 0.2881573846365137, "phase": "shape_search", "rows": 16384, "states": [96, 96, 96, 0]}
{"K": 512, "columns": 53248, "direct": 0.3682437233087787, "oracle": 0.2862821397459436, "phase": "shape_search", "rows": 16384, "states": [96, 96, 96, 0]}
{"K": 512, "columns": 16384, "direct": 0.36554377192591175, "oracle": 0.280825522042609, "phase": "shape_search", "rows": 53248, "states": [96, 96, 96, 0]}
{"K": 512, "columns": 16384, "direct": 0.3457184938390579, "oracle": 0.2820322383861143, "phase": "shape_search", "rows": 128256, "states": [96, 96, 96, 0]}
{"K": 1024, "columns": 16384, "direct": 0.5660511631188104, "oracle": 0.2976309818246052, "phase": "shape_search", "rows": 1024, "states": [96, 96, 96, 0]}
{"K": 1024, "columns": 16384, "direct": 0.41319427251539304, "oracle": 0.2881573846365137, "phase": "shape_search", "rows": 16384, "states": [96, 96, 96, 96, 0]}
{"K": 1024, "columns": 53248, "direct": 0.36866165347891605, "oracle": 0.2862821397459436, "phase": "shape_search", "rows": 16384, "states": [96, 96, 96, 96, 0]}
{"K": 1024, "columns": 16384, "direct": 0.36653679528239264, "oracle": 0.248836651779874, "phase": "shape_search", "rows": 53248, "states": [96, 96, 96, 96, 0]}
{"K": 1024, "columns": 16384, "direct": 0.3465930121234569, "oracle": 0.21604015663134216, "phase": "shape_search", "rows": 128256, "states": [96, 96, 96, 96, 0]}
{"K": 2048, "columns": 16384, "direct": 0.5288097776135363, "oracle": 0.2976865696252915, "phase": "shape_search", "rows": 1024, "states": [96, 96, 96, 0]}
{"K": 2048, "columns": 16384, "direct": 0.41319427251539304, "oracle": 0.1556579489607099, "phase": "shape_search", "rows": 16384, "states": [96, 96, 96, 96, 0]}
{"K": 2048, "columns": 53248, "direct": 0.3702992024827582, "oracle": 0.21772747011810206, "phase": "shape_search", "rows": 16384, "states": [96, 96, 96, 96, 0]}
{"K": 2048, "columns": 16384, "direct": 0.36836478860573196, "oracle": 0.124418325889937, "phase": "shape_search", "rows": 53248, "states": [96, 96, 96, 96, 0]}
{"K": 2048, "columns": 16384, "direct": 0.3465930121234569, "oracle": 0.10802007831567108, "phase": "shape_search", "rows": 128256, "states": [96, 96, 96, 96, 0]}
{"K": 4096, "columns": 16384, "direct": 0.5477296556978094, "oracle": 0.2960052799908582, "phase": "shape_search", "rows": 1024, "states": [96, 96, 96, 18, 0]}
{"K": 4096, "columns": 16384, "direct": 0.4022824490158021, "oracle": 0.10854734067139483, "phase": "shape_search", "rows": 16384, "states": [96, 96, 96, 96, 0]}
{"K": 4096, "columns": 53248, "direct": 0.3702992024827582, "oracle": 0.1806862685281775, "phase": "shape_search", "rows": 16384, "states": [96, 96, 96, 96, 0]}
{"K": 4096, "columns": 16384, "direct": 0.36836478860573196, "oracle": 0.10664639823734853, "phase": "shape_search", "rows": 53248, "states": [96, 96, 96, 96, 0]}
{"K": 4096, "columns": 16384, "direct": 0.34265610010831477, "oracle": 0.10098073215451056, "phase": "shape_search", "rows": 128256, "states": [96, 96, 96, 96, 0]}
{"K": 8192, "columns": 16384, "direct": 0.5477296556978094, "oracle": 0.2888688843516656, "phase": "shape_search", "rows": 1024, "states": [96, 96, 96, 96, 0]}
{"K": 8192, "columns": 16384, "direct": 0.3875600250962707, "oracle": 0.11193255087725174, "phase": "shape_search", "rows": 16384, "states": [96, 96, 96, 96, 0]}
{"K": 8192, "columns": 53248, "direct": 0.3557678318506698, "oracle": 0.1806862685281775, "phase": "shape_search", "rows": 16384, "states": [96, 96, 96, 96, 0]}
{"K": 8192, "columns": 16384, "direct": 0.3547462059304804, "oracle": 0.11006277636270083, "phase": "shape_search", "rows": 53248, "states": [96, 96, 96, 96, 0]}
{"K": 8192, "columns": 16384, "direct": 0.337738754751859, "oracle": 0.10098073215451056, "phase": "shape_search", "rows": 128256, "states": [96, 96, 96, 96, 0]}
{"K": 16384, "columns": 16384, "direct": 0.5503865061933501, "oracle": 0.2881573846365137, "phase": "shape_search", "rows": 1024, "states": [96, 96, 96, 96, 0]}
{"K": 16384, "columns": 16384, "direct": 0.3771204017183438, "oracle": 0.16845318434381557, "phase": "shape_search", "rows": 16384, "states": [96, 96, 96, 96, 0]}
{"K": 16384, "columns": 53248, "direct": 0.3500534645508889, "oracle": 0.1806862685281775, "phase": "shape_search", "rows": 16384, "states": [96, 96, 96, 96, 0]}
{"K": 16384, "columns": 16384, "direct": 0.3487267985841926, "oracle": 0.11190946724126963, "phase": "shape_search", "rows": 53248, "states": [96, 96, 96, 96, 0]}
{"K": 16384, "columns": 16384, "direct": null, "oracle": 0.1551975941361653, "phase": "shape_search", "rows": 128256, "states": [96, 96, 96, 96, 0]}
{"block_length": 32, "candidate_nodes": 32, "candidate_ratio_N_over_A": 1.0, "committed_tokens_grant": 32, "direct": null, "free_transform_oracle": null, "phase": "joint"}
{"block_length": 64, "candidate_nodes": 64, "candidate_ratio_N_over_A": 1.0, "committed_tokens_grant": 64, "direct": {"arithmetic_ratio": 0.820388817782887, "io_fraction": 0.01165152047987754, "maximum_workspace_bytes": 1768430388, "p50_arithmetic_pass": false, "p50_io_pass": true, "p95_arithmetic_pass": false, "ten_x_arithmetic_pass": false, "total_compiled_static_bytes": 903213867424.0, "workspace_pass": true}, "free_transform_oracle": {"arithmetic_ratio": 0.42977385121063194, "io_fraction": 0.010416666666666666, "maximum_workspace_bytes": 18614552, "p50_arithmetic_pass": false, "p50_io_pass": true, "p95_arithmetic_pass": false, "ten_x_arithmetic_pass": false, "total_compiled_static_bytes": 807495794688.0, "workspace_pass": true}, "phase": "joint"}
{"block_length": 128, "candidate_nodes": 128, "candidate_ratio_N_over_A": 1.0, "committed_tokens_grant": 128, "direct": {"arithmetic_ratio": 0.7142356941303158, "io_fraction": 0.011840934254063457, "maximum_workspace_bytes": 4307134340, "p50_arithmetic_pass": false, "p50_io_pass": true, "p95_arithmetic_pass": false, "ten_x_arithmetic_pass": false, "total_compiled_static_bytes": 1835369401728.0, "workspace_pass": true}, "free_transform_oracle": {"arithmetic_ratio": 0.42977385121063194, "io_fraction": 0.005208333333333333, "maximum_workspace_bytes": 37128472, "p50_arithmetic_pass": false, "p50_io_pass": true, "p95_arithmetic_pass": false, "ten_x_arithmetic_pass": false, "total_compiled_static_bytes": 807495794688.0, "workspace_pass": true}, "phase": "joint"}
{"block_length": 256, "candidate_nodes": 256, "candidate_ratio_N_over_A": 1.0, "committed_tokens_grant": 256, "direct": {"arithmetic_ratio": 0.6691234905039083, "io_fraction": 0.011830001652460431, "maximum_workspace_bytes": 237474204, "p50_arithmetic_pass": false, "p50_io_pass": true, "p95_arithmetic_pass": false, "ten_x_arithmetic_pass": false, "total_compiled_static_bytes": 3667399346416.0, "workspace_pass": true}, "free_transform_oracle": {"arithmetic_ratio": 0.30167981214801526, "io_fraction": 0.0026041666666666665, "maximum_workspace_bytes": 74130224, "p50_arithmetic_pass": false, "p50_io_pass": true, "p95_arithmetic_pass": false, "ten_x_arithmetic_pass": false, "total_compiled_static_bytes": 807495794688.0, "workspace_pass": true}, "phase": "joint"}
{"block_length": 512, "candidate_nodes": 512, "candidate_ratio_N_over_A": 1.0, "committed_tokens_grant": 512, "direct": {"arithmetic_ratio": 0.5723856818230989, "io_fraction": 0.01184730348316547, "maximum_workspace_bytes": 411133800, "p50_arithmetic_pass": false, "p50_io_pass": true, "p95_arithmetic_pass": false, "ten_x_arithmetic_pass": false, "total_compiled_static_bytes": 7346357002704.0, "workspace_pass": true}, "free_transform_oracle": {"arithmetic_ratio": 0.28480875012605017, "io_fraction": 0.0013020833333333333, "maximum_workspace_bytes": 148219192, "p50_arithmetic_pass": false, "p50_io_pass": true, "p95_arithmetic_pass": false, "ten_x_arithmetic_pass": false, "total_compiled_static_bytes": 807495794688.0, "workspace_pass": true}, "phase": "joint"}
{"block_length": 1024, "candidate_nodes": 1024, "candidate_ratio_N_over_A": 1.0, "committed_tokens_grant": 1024, "direct": {"arithmetic_ratio": 0.48914320587337423, "io_fraction": 0.01184327545672729, "maximum_workspace_bytes": 1958112364, "p50_arithmetic_pass": false, "p50_io_pass": true, "p95_arithmetic_pass": false, "ten_x_arithmetic_pass": false, "total_compiled_static_bytes": 14688928133760.002, "workspace_pass": true}, "free_transform_oracle": {"arithmetic_ratio": 0.26698586934071467, "io_fraction": 0.0006510416666666666, "maximum_workspace_bytes": 296369138, "p50_arithmetic_pass": false, "p50_io_pass": true, "p95_arithmetic_pass": false, "ten_x_arithmetic_pass": false, "total_compiled_static_bytes": 807495794688.0, "workspace_pass": true}, "phase": "joint"}
{"block_length": 2048, "candidate_nodes": 2048, "candidate_ratio_N_over_A": 1.0, "committed_tokens_grant": 2048, "direct": {"arithmetic_ratio": 0.44991893129411703, "io_fraction": 0.011697968598961665, "maximum_workspace_bytes": 1685413414, "p50_arithmetic_pass": false, "p50_io_pass": true, "p95_arithmetic_pass": false, "ten_x_arithmetic_pass": false, "total_compiled_static_bytes": 29017469240144.0, "workspace_pass": true}, "free_transform_oracle": {"arithmetic_ratio": 0.1578120379364566, "io_fraction": 0.0003255208333333333, "maximum_workspace_bytes": 592591858, "p50_arithmetic_pass": false, "p50_io_pass": true, "p95_arithmetic_pass": false, "ten_x_arithmetic_pass": false, "total_compiled_static_bytes": 807495794688.0, "workspace_pass": true}, "phase": "joint"}
{"block_length": 4096, "candidate_nodes": 4096, "candidate_ratio_N_over_A": 1.0, "committed_tokens_grant": 4096, "direct": {"arithmetic_ratio": 0.42738395058909895, "io_fraction": 0.011845248668663473, "maximum_workspace_bytes": 3286424200, "p50_arithmetic_pass": false, "p50_io_pass": true, "p95_arithmetic_pass": false, "ten_x_arithmetic_pass": false, "total_compiled_static_bytes": 58766460801580.0, "workspace_pass": true}, "free_transform_oracle": {"arithmetic_ratio": 0.13010262621990515, "io_fraction": 0.00016276041666666666, "maximum_workspace_bytes": 1185070118, "p50_arithmetic_pass": false, "p50_io_pass": true, "p95_arithmetic_pass": false, "ten_x_arithmetic_pass": false, "total_compiled_static_bytes": 807495794688.0, "workspace_pass": true}, "phase": "joint"}
{"block_length": 8192, "candidate_nodes": 8192, "candidate_ratio_N_over_A": 1.0, "committed_tokens_grant": 8192, "direct": {"arithmetic_ratio": 0.3825164968636731, "io_fraction": 0.011845085910137863, "maximum_workspace_bytes": 6572965180, "p50_arithmetic_pass": false, "p50_io_pass": true, "p95_arithmetic_pass": false, "ten_x_arithmetic_pass": false, "total_compiled_static_bytes": 117532135092756.0, "workspace_pass": true}, "free_transform_oracle": {"arithmetic_ratio": 0.13245534182072066, "io_fraction": 8.138020833333333e-05, "maximum_workspace_bytes": 2369960998, "p50_arithmetic_pass": false, "p50_io_pass": true, "p95_arithmetic_pass": false, "ten_x_arithmetic_pass": false, "total_compiled_static_bytes": 807495794688.0, "workspace_pass": true}, "phase": "joint"}
{"block_length": 16384, "candidate_nodes": 16384, "candidate_ratio_N_over_A": 1.0, "committed_tokens_grant": 16384, "direct": null, "free_transform_oracle": {"arithmetic_ratio": 0.14320528654637393, "io_fraction": 4.0690104166666664e-05, "maximum_workspace_bytes": 4739708759, "p50_arithmetic_pass": false, "p50_io_pass": true, "p95_arithmetic_pass": false, "ten_x_arithmetic_pass": false, "total_compiled_static_bytes": 807495794688.0, "workspace_pass": true}, "phase": "joint"}
{
  "authoritative_decision": "REJECT_CATALOGUED_SMALL_COEFFICIENT_RECTANGULAR_FMM_AS_10X_CORE",
  "best_direct": {
    "block_length": 8192,
    "candidate_nodes": 8192,
    "candidate_ratio_N_over_A": 1.0,
    "committed_tokens_grant": 8192,
    "direct": {
      "arithmetic_ratio": 0.3825164968636731,
      "io_fraction": 0.011845085910137863,
      "maximum_workspace_bytes": 6572965180,
      "p50_arithmetic_pass": false,
      "p50_io_pass": true,
      "p95_arithmetic_pass": false,
      "ten_x_arithmetic_pass": false,
      "total_compiled_static_bytes": 117532135092756.0,
      "workspace_pass": true
    },
    "free_transform_oracle": {
      "arithmetic_ratio": 0.13245534182072066,
      "io_fraction": 8.138020833333333e-05,
      "maximum_workspace_bytes": 2369960998,
      "p50_arithmetic_pass": false,
      "p50_io_pass": true,
      "p95_arithmetic_pass": false,
      "ten_x_arithmetic_pass": false,
      "total_compiled_static_bytes": 807495794688.0,
      "workspace_pass": true
    }
  },
  "best_free_transform_oracle": {
    "block_length": 4096,
    "candidate_nodes": 4096,
    "candidate_ratio_N_over_A": 1.0,
    "committed_tokens_grant": 4096,
    "direct": {
      "arithmetic_ratio": 0.42738395058909895,
      "io_fraction": 0.011845248668663473,
      "maximum_workspace_bytes": 3286424200,
      "p50_arithmetic_pass": false,
      "p50_io_pass": true,
      "p95_arithmetic_pass": false,
      "ten_x_arithmetic_pass": false,
      "total_compiled_static_bytes": 58766460801580.0,
      "workspace_pass": true
    },
    "free_transform_oracle": {
      "arithmetic_ratio": 0.13010262621990515,
      "io_fraction": 0.00016276041666666666,
      "maximum_workspace_bytes": 1185070118,
      "p50_arithmetic_pass": false,
      "p50_io_pass": true,
      "p95_arithmetic_pass": false,
      "ten_x_arithmetic_pass": false,
      "total_compiled_static_bytes": 807495794688.0,
      "workspace_pass": true
    }
  },
  "eligible_factorizations": 59,
  "integrity_failures": [],
  "pareto_orientations": 128
}
