{
  "HARDWARE_STATUS": "NOT_TESTED",
  "O1_O6_full_mission": "OPEN; scoped native lemmas are not full mission closures",
  "THEORY_STATUS": "NOT_ESTABLISHED",
  "actions_dispatched": false,
  "base_commit": "947b307da98b75f7843babbed691c70bd3caa964",
  "binade_crossing_counterexample": {
    "guard_rejected": true,
    "native_word": 1069547520,
    "unguarded_word": 1069547521
  },
  "decision": "SCOPED_NATIVE_TRANSFER_CONSTRUCTION_VERIFIED_NO_CORE_PROMOTED",
  "full_repository_suite": "NOT RUN",
  "inverse_preimage": {
    "cases": 80,
    "maximum_native_calls_per_stage": 64,
    "membership_and_boundary_checks": 480,
    "mismatches": 0
  },
  "native_integer_oracle": {
    "bit_mismatches": 0,
    "cases": 4008
  },
  "negative_control": {
    "attempts": 5,
    "bitwise_equal": true,
    "certified": false,
    "constructor_weight_reads": 1024,
    "distinct_weight_reads": 1024,
    "endpoint_fmas": 1984,
    "family": "alternating_no_erasure",
    "fma_work_fraction": 2.9375,
    "full_path_fmas": 1024,
    "input_sha256": "31b87119c68b69ed2d1892f96d93bb4379335dbe280df7b3fea062b117bd1af4",
    "largest_suffix": 1024,
    "logical_distinct_weight_fraction": 1.0,
    "metadata_bytes": 82,
    "metadata_reads": 5,
    "n": 1024,
    "native_word": 0,
    "ordinal": 0,
    "output_word": 0,
    "repeated_weight_operand_reads": 2016,
    "repeated_x_operand_reads": 2016,
    "scope": "synthetic IEEE binary32 serial FMA; not a public-model forward or physical traffic measurement",
    "total_fmas": 3008,
    "xmax_input_reads": 1024
  },
  "novelty": "No priority claim; exact IEEE semantics and monotone interval principles are established background.",
  "paid_budget_conclusion": "Phase builder still reads every product; inverse builder is query dependent; suffix construction has no target-wide bound on late or non-coalescing rows. No >=10x fully charged core or O5 closure.",
  "phase_summary": {
    "cases": 600,
    "composition_mismatches": 0,
    "guard_accepted": 600,
    "native_bit_mismatches": 0
  },
  "physical_memory_latency": "NOT MEASURED",
  "positive_control": {
    "attempts": 1,
    "bitwise_equal": true,
    "certified": true,
    "constructor_weight_reads": 1024,
    "distinct_weight_reads": 32,
    "endpoint_fmas": 64,
    "family": "suffix_erasure_positive",
    "fma_work_fraction": 0.0625,
    "full_path_fmas": 0,
    "input_sha256": "52d462d3523f7d110491cb3614cd989a95d5b72bdd499f3c10fd44a0014c92f4",
    "largest_suffix": 32,
    "logical_distinct_weight_fraction": 0.03125,
    "metadata_bytes": 82,
    "metadata_reads": 1,
    "n": 1024,
    "native_word": 0,
    "ordinal": 0,
    "output_word": 0,
    "repeated_weight_operand_reads": 32,
    "repeated_x_operand_reads": 32,
    "scope": "synthetic IEEE binary32 serial FMA; not a public-model forward or physical traffic measurement",
    "total_fmas": 64,
    "xmax_input_reads": 1024
  },
  "preregistration_sha256": "4d583f5301b989a29e377f43ff21316d3ec9113c0458ede1e780fda23269a1bd",
  "public_checkpoint_execution": "NOT PERFORMED",
  "suffix_evaluator": {
    "bit_mismatches": 0,
    "ordinary_cases": 36,
    "ordinary_certified": 0,
    "ordinary_distinct_weight_fraction_min": 1.0,
    "ordinary_fma_work_fraction_max": 2.99609375,
    "ordinary_fma_work_fraction_min": 2.75,
    "synthetic_cases": 38
  },
  "version": "NTC-2026-09-05-v1"
}
