{
  "DERIVED": {
    "aggregate": {
      "all_reconstructions_exact": true,
      "best_candidate_names": [
        "coordinate_period_2",
        "coordinate_period_2",
        "coordinate_period_2"
      ],
      "best_information_fraction_p05": 1.0270216267648504,
      "best_information_fraction_p50": 1.028159047473748,
      "best_information_fraction_p95": 1.0318905207445657,
      "layer_count": 3,
      "maximum_information_fraction": 1.0323051288857676,
      "minimum_information_fraction": 1.026895246686084
    },
    "success_thresholds": {
      "best_information_fraction_p50_max": 0.2,
      "best_information_fraction_p95_max": 0.25
    }
  },
  "MEASURED": {
    "layer_rows": [
      {
        "baseline_bits_per_triplet": 31.54023277876177,
        "baseline_entropy_bits": 27904779.387750573,
        "best_candidate": {
          "baseline_bits": 27904779.387750573,
          "context_count": 4,
          "hit_fraction": 9.04224537037037e-06,
          "information_fraction": 1.026895246686084,
          "metadata": {
            "period": 2
          },
          "name": "coordinate_period_2",
          "reconstruction_exact": true,
          "residual_bits": 28655093.31310487,
          "sequence_bits": 0.0,
          "table_bits": 192.0,
          "total_bits": 28655285.31310487
        },
        "candidates": [
          {
            "baseline_bits": 27904779.387750573,
            "context_count": 3647,
            "hit_fraction": 0.004361753110532407,
            "information_fraction": 1.0645728744073613,
            "metadata": {
              "targets": [
                "U",
                "D"
              ]
            },
            "name": "one_source_G",
            "reconstruction_exact": true,
            "residual_bits": 20325579.047801327,
            "sequence_bits": 9264388.154719586,
            "table_bits": 116704.0,
            "total_bits": 29706671.202520914
          },
          {
            "baseline_bits": 27904779.387750573,
            "context_count": 3642,
            "hit_fraction": 0.004340277777777778,
            "information_fraction": 1.0636585524300726,
            "metadata": {
              "targets": [
                "G",
                "D"
              ]
            },
            "name": "one_source_U",
            "reconstruction_exact": true,
            "residual_bits": 20292700.805678062,
            "sequence_bits": 9271912.443777239,
            "table_bits": 116544.0,
            "total_bits": 29681157.249455303
          },
          {
            "baseline_bits": 27904779.387750573,
            "context_count": 3838,
            "hit_fraction": 0.004569724754050926,
            "information_fraction": 1.0663458746796584,
            "metadata": {
              "targets": [
                "G",
                "U"
              ]
            },
            "name": "one_source_D",
            "reconstruction_exact": true,
            "residual_bits": 20264851.59472004,
            "sequence_bits": 9368478.789253749,
            "table_bits": 122816.0,
            "total_bits": 29756146.38397379
          },
          {
            "baseline_bits": 27904779.387750573,
            "context_count": 672810,
            "hit_fraction": 0.7607376663773148,
            "information_fraction": 1.8762502156998198,
            "metadata": {},
            "name": "two_source_UD_to_G",
            "reconstruction_exact": true,
            "residual_bits": 3057403.4908182267,
            "sequence_bits": 17004064.85450468,
            "table_bits": 32294880.0,
            "total_bits": 52356348.3453229
          },
          {
            "baseline_bits": 27904779.387750573,
            "context_count": 671536,
            "hit_fraction": 0.7592976888020834,
            "information_fraction": 1.8745544431501586,
            "metadata": {},
            "name": "two_source_GD_to_U",
            "reconstruction_exact": true,
            "residual_bits": 3074055.351617954,
            "sequence_bits": 17001244.83481485,
            "table_bits": 32233728.0,
            "total_bits": 52309028.1864328
          },
          {
            "baseline_bits": 27904779.387750573,
            "context_count": 660228,
            "hit_fraction": 0.7465164749710648,
            "information_fraction": 1.8600281668873349,
            "metadata": {},
            "name": "two_source_GU_to_D",
            "reconstruction_exact": true,
            "residual_bits": 3240515.9787675007,
            "sequence_bits": 16972215.67322569,
            "table_bits": 31690944.0,
            "total_bits": 51903675.651993185
          },
          {
            "baseline_bits": 27904779.387750573,
            "context_count": 882959,
            "hit_fraction": 0.9997271286231884,
            "information_fraction": 3.040806494419749,
            "metadata": {},
            "name": "previous_triplet",
            "reconstruction_exact": true,
            "residual_bits": 15242.387622299453,
            "sequence_bits": 73728.0,
            "table_bits": 84764064.0,
            "total_bits": 84853034.3876223
          },
          {
            "baseline_bits": 27904779.387750573,
            "context_count": 4,
            "hit_fraction": 9.04224537037037e-06,
            "information_fraction": 1.026895246686084,
            "metadata": {
              "period": 2
            },
            "name": "coordinate_period_2",
            "reconstruction_exact": true,
            "residual_bits": 28655093.31310487,
            "sequence_bits": 0.0,
            "table_bits": 192.0,
            "total_bits": 28655285.31310487
          },
          {
            "baseline_bits": 27904779.387750573,
            "context_count": 16,
            "hit_fraction": 3.0517578125e-05,
            "information_fraction": 1.059944371924891,
            "metadata": {
              "period": 4
            },
            "name": "coordinate_period_4",
            "reconstruction_exact": true,
            "residual_bits": 29576745.86185193,
            "sequence_bits": 0.0,
            "table_bits": 768.0,
            "total_bits": 29577513.86185193
          },
          {
            "baseline_bits": 27904779.387750573,
            "context_count": 64,
            "hit_fraction": 7.685908564814815e-05,
            "information_fraction": 1.0972742124353967,
            "metadata": {
              "period": 8
            },
            "name": "coordinate_period_8",
            "reconstruction_exact": true,
            "residual_bits": 30616122.825877503,
            "sequence_bits": 0.0,
            "table_bits": 3072.0,
            "total_bits": 30619194.825877503
          },
          {
            "baseline_bits": 27904779.387750573,
            "context_count": 256,
            "hit_fraction": 0.00029048213252314816,
            "information_fraction": 1.0843669517543013,
            "metadata": {
              "period": 16
            },
            "name": "coordinate_period_16",
            "reconstruction_exact": true,
            "residual_bits": 30246732.56407135,
            "sequence_bits": 0.0,
            "table_bits": 12288.0,
            "total_bits": 30259020.56407135
          },
          {
            "baseline_bits": 27904779.387750573,
            "context_count": 1024,
            "hit_fraction": 0.0011574074074074073,
            "information_fraction": 1.0667639011818955,
            "metadata": {
              "period": 32
            },
            "name": "coordinate_period_32",
            "reconstruction_exact": true,
            "residual_bits": 29718659.321296945,
            "sequence_bits": 0.0,
            "table_bits": 49152.0,
            "total_bits": 29767811.321296945
          }
        ],
        "codec_diagnostics": {
          "concat": {
            "bz2_9_fraction": 0.6951461603612076,
            "zlib9_fraction": 0.7926950336974344
          },
          "interleaved": {
            "bz2_9_fraction": 0.6950768364800347,
            "zlib9_fraction": 0.7928638222776814
          }
        },
        "layer_index": 0,
        "role_entropy_bits": {
          "D": 10.58901049494284,
          "G": 10.471358862665909,
          "U": 10.47986342115302
        },
        "shape": [
          1536,
          576
        ],
        "weight_sha256": {
          "down": "cd82c901faa31baba56e78a44a7defc4cb8295084678bad85a3919860b560e74",
          "gate": "b3257bec2c20bcfef046fcd8dfe99cac5a1f70822bd83ca683de0d1e6933120c",
          "up": "d713739db7950d6c3dfe8d82f036591fc3667a7d1a5f688264221dd253fc814f"
        }
      },
      {
        "baseline_bits_per_triplet": 31.6574568454734,
        "baseline_entropy_bits": 28008491.739636756,
        "best_candidate": {
          "baseline_bits": 28008491.739636756,
          "context_count": 4,
          "hit_fraction": 9.04224537037037e-06,
          "information_fraction": 1.028159047473748,
          "metadata": {
            "period": 2
          },
          "name": "coordinate_period_2",
          "reconstruction_exact": true,
          "residual_bits": 28796992.188201267,
          "sequence_bits": 0.0,
          "table_bits": 192.0,
          "total_bits": 28797184.188201267
        },
        "candidates": [
          {
            "baseline_bits": 28008491.739636756,
            "context_count": 3844,
            "hit_fraction": 0.004592330367476852,
            "information_fraction": 1.0645062490681148,
            "metadata": {
              "targets": [
                "U",
                "D"
              ]
            },
            "name": "one_source_G",
            "reconstruction_exact": true,
            "residual_bits": 20336915.473633584,
            "sequence_bits": 9355291.010182414,
            "table_bits": 123008.0,
            "total_bits": 29815214.483815998
          },
          {
            "baseline_bits": 28008491.739636756,
            "context_count": 3712,
            "hit_fraction": 0.004430700231481482,
            "information_fraction": 1.063787989972915,
            "metadata": {
              "targets": [
                "G",
                "D"
              ]
            },
            "name": "one_source_U",
            "reconstruction_exact": true,
            "residual_bits": 20366160.335917525,
            "sequence_bits": 9310152.793963656,
            "table_bits": 118784.0,
            "total_bits": 29795097.12988118
          },
          {
            "baseline_bits": 28008491.739636756,
            "context_count": 3840,
            "hit_fraction": 0.004579897280092593,
            "information_fraction": 1.0657996441500877,
            "metadata": {
              "targets": [
                "G",
                "U"
              ]
            },
            "name": "one_source_D",
            "reconstruction_exact": true,
            "residual_bits": 20385512.593794838,
            "sequence_bits": 9343047.935490686,
            "table_bits": 122880.0,
            "total_bits": 29851440.529285524
          },
          {
            "baseline_bits": 28008491.739636756,
            "context_count": 669979,
            "hit_fraction": 0.7575480143229166,
            "information_fraction": 1.8660332237459176,
            "metadata": {},
            "name": "two_source_UD_to_G",
            "reconstruction_exact": true,
            "residual_bits": 3108814.6354435696,
            "sequence_bits": 16996969.497731715,
            "table_bits": 32158992.0,
            "total_bits": 52264776.13317528
          },
          {
            "baseline_bits": 28008491.739636756,
            "context_count": 679390,
            "hit_fraction": 0.7681850857204862,
            "information_fraction": 1.8781986097522338,
            "metadata": {},
            "name": "two_source_GD_to_U",
            "reconstruction_exact": true,
            "residual_bits": 2973824.558002258,
            "sequence_bits": 17020965.688640423,
            "table_bits": 32610720.0,
            "total_bits": 52605510.24664268
          },
          {
            "baseline_bits": 28008491.739636756,
            "context_count": 675849,
            "hit_fraction": 0.7641827618634259,
            "information_fraction": 1.8739291940648304,
            "metadata": {},
            "name": "two_source_GU_to_D",
            "reconstruction_exact": true,
            "residual_bits": 3033428.1679006442,
            "sequence_bits": 17011750.18472832,
            "table_bits": 32440752.0,
            "total_bits": 52485930.35262897
          },
          {
            "baseline_bits": 28008491.739636756,
            "context_count": 882952,
            "hit_fraction": 0.9997192028985508,
            "information_fraction": 3.0295376512927703,
            "metadata": {},
            "name": "previous_triplet",
            "reconstruction_exact": true,
            "residual_bits": 15660.281152096228,
            "sequence_bits": 73728.0,
            "table_bits": 84763392.0,
            "total_bits": 84852780.2811521
          },
          {
            "baseline_bits": 28008491.739636756,
            "context_count": 4,
            "hit_fraction": 9.04224537037037e-06,
            "information_fraction": 1.028159047473748,
            "metadata": {
              "period": 2
            },
            "name": "coordinate_period_2",
            "reconstruction_exact": true,
            "residual_bits": 28796992.188201267,
            "sequence_bits": 0.0,
            "table_bits": 192.0,
            "total_bits": 28797184.188201267
          },
          {
            "baseline_bits": 28008491.739636756,
            "context_count": 16,
            "hit_fraction": 3.0517578125e-05,
            "information_fraction": 1.053118853356506,
            "metadata": {
              "period": 4
            },
            "name": "coordinate_period_4",
            "reconstruction_exact": true,
            "residual_bits": 29495502.705091428,
            "sequence_bits": 0.0,
            "table_bits": 768.0,
            "total_bits": 29496270.705091428
          },
          {
            "baseline_bits": 28008491.739636756,
            "context_count": 64,
            "hit_fraction": 7.685908564814815e-05,
            "information_fraction": 1.087140881499617,
            "metadata": {
              "period": 8
            },
            "name": "coordinate_period_8",
            "reconstruction_exact": true,
            "residual_bits": 30446104.399303444,
            "sequence_bits": 0.0,
            "table_bits": 3072.0,
            "total_bits": 30449176.399303444
          },
          {
            "baseline_bits": 28008491.739636756,
            "context_count": 256,
            "hit_fraction": 0.00028935185185185184,
            "information_fraction": 1.0853791729123996,
            "metadata": {
              "period": 16
            },
            "name": "coordinate_period_16",
            "reconstruction_exact": true,
            "residual_bits": 30387545.59889072,
            "sequence_bits": 0.0,
            "table_bits": 12288.0,
            "total_bits": 30399833.59889072
          },
          {
            "baseline_bits": 28008491.739636756,
            "context_count": 1024,
            "hit_fraction": 0.0011574074074074073,
            "information_fraction": 1.0692127730451966,
            "metadata": {
              "period": 32
            },
            "name": "coordinate_period_32",
            "reconstruction_exact": true,
            "residual_bits": 29897885.121750496,
            "sequence_bits": 0.0,
            "table_bits": 49152.0,
            "total_bits": 29947037.121750496
          }
        ],
        "codec_diagnostics": {
          "concat": {
            "bz2_9_fraction": 0.6966573456187307,
            "zlib9_fraction": 0.7942759195963541
          },
          "interleaved": {
            "bz2_9_fraction": 0.6966064829885223,
            "zlib9_fraction": 0.7940589057074653
          }
        },
        "layer_index": 15,
        "role_entropy_bits": {
          "D": 10.560266492479888,
          "G": 10.574104603161185,
          "U": 10.52308574983233
        },
        "shape": [
          1536,
          576
        ],
        "weight_sha256": {
          "down": "a24d5af3ca8776833d6b142b2e84f451e0ea916f9b4fc5c742ee0a74fbea705b",
          "gate": "e791f0d34b2b58f0352e9636c2eb3c7fd4cf0de37d53cec1d383328ff6d0a2d7",
          "up": "491ffe9e229579b6f6d23d36c6fa45f615b9173428fe049db09fc1bae77e3999"
        }
      },
      {
        "baseline_bits_per_triplet": 31.527490255326327,
        "baseline_entropy_bits": 27893505.618536394,
        "best_candidate": {
          "baseline_bits": 27893505.618536394,
          "context_count": 4,
          "hit_fraction": 9.04224537037037e-06,
          "information_fraction": 1.0323051288857676,
          "metadata": {
            "period": 2
          },
          "name": "coordinate_period_2",
          "reconstruction_exact": true,
          "residual_bits": 28794416.9126191,
          "sequence_bits": 0.0,
          "table_bits": 192.0,
          "total_bits": 28794608.9126191
        },
        "candidates": [
          {
            "baseline_bits": 27893505.618536394,
            "context_count": 3703,
            "hit_fraction": 0.004456696686921296,
            "information_fraction": 1.0662143222921543,
            "metadata": {
              "targets": [
                "U",
                "D"
              ]
            },
            "name": "one_source_G",
            "reconstruction_exact": true,
            "residual_bits": 20324392.560390387,
            "sequence_bits": 9297566.629029794,
            "table_bits": 118496.0,
            "total_bits": 29740455.18942018
          },
          {
            "baseline_bits": 27893505.618536394,
            "context_count": 3686,
            "hit_fraction": 0.004440872757523148,
            "information_fraction": 1.0662822057715526,
            "metadata": {
              "targets": [
                "G",
                "D"
              ]
            },
            "name": "one_source_U",
            "reconstruction_exact": true,
            "residual_bits": 20337583.926153205,
            "sequence_bits": 9286812.77148098,
            "table_bits": 117952.0,
            "total_bits": 29742348.697634183
          },
          {
            "baseline_bits": 27893505.618536394,
            "context_count": 3770,
            "hit_fraction": 0.004538076895254629,
            "information_fraction": 1.0665858392558552,
            "metadata": {
              "targets": [
                "G",
                "U"
              ]
            },
            "name": "one_source_D",
            "reconstruction_exact": true,
            "residual_bits": 20321051.881908927,
            "sequence_bits": 9309126.218025621,
            "table_bits": 120640.0,
            "total_bits": 29750818.09993455
          },
          {
            "baseline_bits": 27893505.618536394,
            "context_count": 660012,
            "hit_fraction": 0.7463333695023148,
            "information_fraction": 1.8600259465543296,
            "metadata": {},
            "name": "two_source_UD_to_G",
            "reconstruction_exact": true,
            "residual_bits": 3234211.296841721,
            "sequence_bits": 16967856.89399495,
            "table_bits": 31680576.0,
            "total_bits": 51882644.19083667
          },
          {
            "baseline_bits": 27893505.618536394,
            "context_count": 669126,
            "hit_fraction": 0.7566347475405093,
            "information_fraction": 1.8718525771068804,
            "metadata": {},
            "name": "two_source_GD_to_U",
            "reconstruction_exact": true,
            "residual_bits": 3098844.053397333,
            "sequence_bits": 16995638.323205262,
            "table_bits": 32118048.0,
            "total_bits": 52212530.3766026
          },
          {
            "baseline_bits": 27893505.618536394,
            "context_count": 665830,
            "hit_fraction": 0.7529093424479166,
            "information_fraction": 1.867991258504225,
            "metadata": {},
            "name": "two_source_GU_to_D",
            "reconstruction_exact": true,
            "residual_bits": 3158472.521914675,
            "sequence_bits": 16986512.1425498,
            "table_bits": 31959840.0,
            "total_bits": 52104824.66446447
          },
          {
            "baseline_bits": 27893505.618536394,
            "context_count": 882904,
            "hit_fraction": 0.9996648550724637,
            "information_fraction": 3.041968530902481,
            "metadata": {},
            "name": "previous_triplet",
            "reconstruction_exact": true,
            "residual_bits": 18654.30813925106,
            "sequence_bits": 73728.0,
            "table_bits": 84758784.0,
            "total_bits": 84851166.30813925
          },
          {
            "baseline_bits": 27893505.618536394,
            "context_count": 4,
            "hit_fraction": 9.04224537037037e-06,
            "information_fraction": 1.0323051288857676,
            "metadata": {
              "period": 2
            },
            "name": "coordinate_period_2",
            "reconstruction_exact": true,
            "residual_bits": 28794416.9126191,
            "sequence_bits": 0.0,
            "table_bits": 192.0,
            "total_bits": 28794608.9126191
          },
          {
            "baseline_bits": 27893505.618536394,
            "context_count": 16,
            "hit_fraction": 3.0517578125e-05,
            "information_fraction": 1.056277972061494,
            "metadata": {
              "period": 4
            },
            "name": "coordinate_period_4",
            "reconstruction_exact": true,
            "residual_bits": 29462527.548433512,
            "sequence_bits": 0.0,
            "table_bits": 768.0,
            "total_bits": 29463295.548433512
          },
          {
            "baseline_bits": 27893505.618536394,
            "context_count": 64,
            "hit_fraction": 7.459852430555556e-05,
            "information_fraction": 1.0888292179702719,
            "metadata": {
              "period": 8
            },
            "name": "coordinate_period_8",
            "reconstruction_exact": true,
            "residual_bits": 30368191.909080364,
            "sequence_bits": 0.0,
            "table_bits": 3072.0,
            "total_bits": 30371263.909080364
          },
          {
            "baseline_bits": 27893505.618536394,
            "context_count": 256,
            "hit_fraction": 0.00029048213252314816,
            "information_fraction": 1.0851265857166597,
            "metadata": {
              "period": 16
            },
            "name": "coordinate_period_16",
            "reconstruction_exact": true,
            "residual_bits": 30255696.51551086,
            "sequence_bits": 0.0,
            "table_bits": 12288.0,
            "total_bits": 30267984.51551086
          },
          {
            "baseline_bits": 27893505.618536394,
            "context_count": 1024,
            "hit_fraction": 0.0011574074074074073,
            "information_fraction": 1.068508491557662,
            "metadata": {
              "period": 32
            },
            "name": "coordinate_period_32",
            "reconstruction_exact": true,
            "residual_bits": 29755295.612717487,
            "sequence_bits": 0.0,
            "table_bits": 49152.0,
            "total_bits": 29804447.612717487
          }
        ],
        "codec_diagnostics": {
          "concat": {
            "bz2_9_fraction": 0.6944192015094521,
            "zlib9_fraction": 0.7924968578197338
          },
          "interleaved": {
            "bz2_9_fraction": 0.694848331404321,
            "zlib9_fraction": 0.7927511709707754
          }
        },
        "layer_index": 29,
        "role_entropy_bits": {
          "D": 10.521925430891951,
          "G": 10.508859850881837,
          "U": 10.49670497355254
        },
        "shape": [
          1536,
          576
        ],
        "weight_sha256": {
          "down": "0717578a87721ed5a7a0d838e8c0bfc05572e466a598973bb917b9d4bb9f6356",
          "gate": "9a87adf6363fb089c8ec1560a8b3c8d0f1f626f49eb140aa62781cb37915642c",
          "up": "2bb8e915d6b18a066ec463032d7d469c00fe984ebed63f87139a0666803ef04d"
        }
      }
    ],
    "model_forward_calls": 0,
    "official_checkpoint_loaded": true,
    "selected_layer_indices": [
      0,
      15,
      29
    ]
  },
  "UNVERIFIED": [
    "cross-layer grammar beyond frozen contexts",
    "sublinear nonlinear checkpoint generator",
    "fused exact query evaluation without materializing weights",
    "attention and LM-head composition",
    "405B same-machine 4B-class p50/p95"
  ],
  "audit_wall_ns": 15769314684,
  "authoritative_decision": "REJECT_ALIGNED_CROSS_WEIGHT_CONTEXT_DICTIONARY_AS_COLD_QUERY_CORE",
  "claim_boundary": {
    "405b_execution": "NOT_TESTED",
    "8gib_gpu": "NOT_TESTED",
    "actual_checkpoint_weights": true,
    "complete_mlp_replaced": false,
    "complete_transformer_layer": "NOT_TESTED",
    "dense_arithmetic_reduced": "NOT_TESTED",
    "free_probability_tables_and_decoder": true,
    "ideal_entropy_coder": true,
    "model_forward_calls": 0,
    "physical_latency": "NOT_TESTED",
    "successor_state": "NOT_TESTED"
  },
  "config_sha256": "68555ee176f94687be4acf8bd5acbc1d80b87b60ddd11d3d2698dd597fb27171",
  "deterministic_core_sha256": "834269adccc59c794ee855c5c11e61fc49f5b0e26f514e9aaaf6d29c64a216ed",
  "evidence_level": "E1",
  "experiment": "EXP-087A",
  "gates": {
    "information_passed": false,
    "integrity_passed": true
  },
  "load_wall_ns": 14510164486,
  "name": "cross_weight_context_dictionary_gate",
  "phase": [
    "A-structure",
    "B-reference",
    "C-small-real-checkpoint-weight-observation"
  ],
  "runtime": {
    "python": "3.11.10",
    "safetensors": "0.4.5",
    "torch": "2.5.1+cpu",
    "transformers": "4.46.3"
  },
  "source_sha": "bda5ccfd4d4cfc66d430b09d45f311f1e02ece18"
}
