{"arm": "p50", "mean_kl": 10.060240924358368, "minimum_sound_radius_ratio": 48.67678061827259, "mlp_relative_l2": 0.735185161663826, "prompt_id": "build_english_01", "split": "build", "token_count": 8, "top1_matches": 0}
{"arm": "p50", "mean_kl": 4.1704800724983215, "minimum_sound_radius_ratio": 57.929053823024475, "mlp_relative_l2": 0.7088545238331476, "prompt_id": "build_korean_01", "split": "build", "token_count": 8, "top1_matches": 1}
{"arm": "p50", "mean_kl": 7.763801604509354, "minimum_sound_radius_ratio": 48.1502309241552, "mlp_relative_l2": 0.7094039085098385, "prompt_id": "build_code_01", "split": "build", "token_count": 8, "top1_matches": 0}
{"arm": "p50", "mean_kl": 8.829564571380615, "minimum_sound_radius_ratio": 56.18537353948148, "mlp_relative_l2": 0.7055463997490757, "prompt_id": "eval_korean_03", "split": "evaluation", "token_count": 8, "top1_matches": 0}
{"arm": "p50", "mean_kl": 6.1190425157547, "minimum_sound_radius_ratio": 47.02381798811097, "mlp_relative_l2": 0.6964009799401865, "prompt_id": "eval_code_03", "split": "evaluation", "token_count": 8, "top1_matches": 0}
{"arm": "p50", "mean_kl": 7.453411638736725, "minimum_sound_radius_ratio": 49.528119574076555, "mlp_relative_l2": 0.7032372722461406, "prompt_id": "build_json_01", "split": "build", "token_count": 8, "top1_matches": 0}
{"arm": "p50", "mean_kl": 7.061971694231033, "minimum_sound_radius_ratio": 49.175343745507, "mlp_relative_l2": 0.7197131306099038, "prompt_id": "eval_json_01", "split": "evaluation", "token_count": 8, "top1_matches": 0}
{"arm": "p50", "mean_kl": 7.398789644241333, "minimum_sound_radius_ratio": 50.42081739947167, "mlp_relative_l2": 0.7323155400776091, "prompt_id": "build_math_01", "split": "build", "token_count": 8, "top1_matches": 0}
{"arm": "p50", "mean_kl": 6.261085748672485, "minimum_sound_radius_ratio": 47.09458844773889, "mlp_relative_l2": 0.7162120896026125, "prompt_id": "build_adversarial_01", "split": "build", "token_count": 8, "top1_matches": 0}
{"arm": "p50", "mean_kl": 6.467753857374191, "minimum_sound_radius_ratio": 47.66519551102337, "mlp_relative_l2": 0.7254787838838742, "prompt_id": "eval_english_01", "split": "evaluation", "token_count": 8, "top1_matches": 2}
{"arm": "p50", "mean_kl": 6.552039563655853, "minimum_sound_radius_ratio": 47.7103094787172, "mlp_relative_l2": 0.6866064906253607, "prompt_id": "eval_code_02", "split": "evaluation", "token_count": 8, "top1_matches": 1}
{"arm": "p50", "mean_kl": 6.945243090391159, "minimum_sound_radius_ratio": 48.65412263708322, "mlp_relative_l2": 0.7238483574271048, "prompt_id": "eval_math_02", "split": "evaluation", "token_count": 8, "top1_matches": 1}
{"arm": "p50", "mean_kl": 8.561463594436646, "minimum_sound_radius_ratio": 47.42535965236617, "mlp_relative_l2": 0.6982958979457579, "prompt_id": "eval_english_02", "split": "evaluation", "token_count": 8, "top1_matches": 0}
{"arm": "p50", "mean_kl": 9.573133707046509, "minimum_sound_radius_ratio": 48.70042498007407, "mlp_relative_l2": 0.7209816781257897, "prompt_id": "eval_english_03", "split": "evaluation", "token_count": 8, "top1_matches": 0}
{"arm": "p50", "mean_kl": 6.290454387664795, "minimum_sound_radius_ratio": 57.47583140332513, "mlp_relative_l2": 0.7126946697529195, "prompt_id": "eval_korean_01", "split": "evaluation", "token_count": 8, "top1_matches": 0}
{"arm": "p50", "mean_kl": 8.220270931720734, "minimum_sound_radius_ratio": 57.77874760553659, "mlp_relative_l2": 0.7132656904818677, "prompt_id": "eval_korean_02", "split": "evaluation", "token_count": 8, "top1_matches": 0}
{"arm": "p50", "mean_kl": 7.807492673397064, "minimum_sound_radius_ratio": 48.66391755845644, "mlp_relative_l2": 0.7283276466632874, "prompt_id": "eval_code_01", "split": "evaluation", "token_count": 8, "top1_matches": 0}
{"arm": "p50", "mean_kl": 6.340950548648834, "minimum_sound_radius_ratio": 50.32379114002171, "mlp_relative_l2": 0.7306964059250938, "prompt_id": "eval_json_02", "split": "evaluation", "token_count": 8, "top1_matches": 0}
{"arm": "p50", "mean_kl": 7.50897952914238, "minimum_sound_radius_ratio": 48.87294628007675, "mlp_relative_l2": 0.7189817272785324, "prompt_id": "eval_json_03", "split": "evaluation", "token_count": 8, "top1_matches": 0}
{"arm": "p50", "mean_kl": 8.878144323825836, "minimum_sound_radius_ratio": 51.07756661728298, "mlp_relative_l2": 0.7506269483799637, "prompt_id": "eval_math_01", "split": "evaluation", "token_count": 8, "top1_matches": 0}
{"arm": "p50", "mean_kl": 8.003505647182465, "minimum_sound_radius_ratio": 49.52190780103377, "mlp_relative_l2": 0.743646034370895, "prompt_id": "eval_math_03", "split": "evaluation", "token_count": 8, "top1_matches": 0}
{"arm": "p50", "mean_kl": 6.408773362636566, "minimum_sound_radius_ratio": 48.13628556883868, "mlp_relative_l2": 0.6957283796679274, "prompt_id": "eval_adversarial_01", "split": "evaluation", "token_count": 8, "top1_matches": 2}
{"arm": "p50", "mean_kl": 8.411924421787262, "minimum_sound_radius_ratio": 47.48592335154248, "mlp_relative_l2": 0.6862563806175842, "prompt_id": "eval_adversarial_02", "split": "evaluation", "token_count": 8, "top1_matches": 0}
{"arm": "p50", "mean_kl": 7.826812326908112, "minimum_sound_radius_ratio": 47.85480078805831, "mlp_relative_l2": 0.7020347325578978, "prompt_id": "eval_adversarial_03", "split": "evaluation", "token_count": 8, "top1_matches": 0}
{"arm": "p95", "mean_kl": 8.688153088092804, "minimum_sound_radius_ratio": 47.56158418788551, "mlp_relative_l2": 0.7005897514526727, "prompt_id": "build_english_01", "split": "build", "token_count": 8, "top1_matches": 0}
{"arm": "p95", "mean_kl": 3.692750245332718, "minimum_sound_radius_ratio": 56.74547645292284, "mlp_relative_l2": 0.6852201251964443, "prompt_id": "build_korean_01", "split": "build", "token_count": 8, "top1_matches": 0}
{"arm": "p95", "mean_kl": 6.741121828556061, "minimum_sound_radius_ratio": 47.61146708438935, "mlp_relative_l2": 0.6825661270983877, "prompt_id": "build_code_01", "split": "build", "token_count": 8, "top1_matches": 0}
{"arm": "p95", "mean_kl": 9.387005925178528, "minimum_sound_radius_ratio": 55.912916798239316, "mlp_relative_l2": 0.6874260413345231, "prompt_id": "eval_korean_03", "split": "evaluation", "token_count": 8, "top1_matches": 0}
{"arm": "p95", "mean_kl": 4.899941712617874, "minimum_sound_radius_ratio": 46.60612989156381, "mlp_relative_l2": 0.6714554788914034, "prompt_id": "eval_code_03", "split": "evaluation", "token_count": 8, "top1_matches": 0}
{"arm": "p95", "mean_kl": 5.61888736858964, "minimum_sound_radius_ratio": 47.50834496438928, "mlp_relative_l2": 0.6827388638226541, "prompt_id": "build_json_01", "split": "build", "token_count": 8, "top1_matches": 2}
{"arm": "p95", "mean_kl": 6.5996328592300415, "minimum_sound_radius_ratio": 48.4575364836681, "mlp_relative_l2": 0.6947342484136441, "prompt_id": "eval_json_01", "split": "evaluation", "token_count": 8, "top1_matches": 1}
{"arm": "p95", "mean_kl": 6.7721908390522, "minimum_sound_radius_ratio": 47.94508317009451, "mlp_relative_l2": 0.7021064594758222, "prompt_id": "build_math_01", "split": "build", "token_count": 8, "top1_matches": 0}
{"arm": "p95", "mean_kl": 4.893565937876701, "minimum_sound_radius_ratio": 45.402463633533706, "mlp_relative_l2": 0.6810765269053456, "prompt_id": "build_adversarial_01", "split": "build", "token_count": 8, "top1_matches": 1}
{"arm": "p95", "mean_kl": 5.826820686459541, "minimum_sound_radius_ratio": 46.56035429746237, "mlp_relative_l2": 0.6961385773234254, "prompt_id": "eval_english_01", "split": "evaluation", "token_count": 8, "top1_matches": 3}
{"arm": "p95", "mean_kl": 7.26684758067131, "minimum_sound_radius_ratio": 48.05495481035482, "mlp_relative_l2": 0.6847321410479871, "prompt_id": "eval_code_02", "split": "evaluation", "token_count": 8, "top1_matches": 1}
{"arm": "p95", "mean_kl": 4.227375686168671, "minimum_sound_radius_ratio": 46.78595621953873, "mlp_relative_l2": 0.6895673032024784, "prompt_id": "eval_math_02", "split": "evaluation", "token_count": 8, "top1_matches": 1}
{"arm": "p95", "mean_kl": 8.498046219348907, "minimum_sound_radius_ratio": 47.452411520955465, "mlp_relative_l2": 0.6953606748896677, "prompt_id": "eval_english_02", "split": "evaluation", "token_count": 8, "top1_matches": 0}
{"arm": "p95", "mean_kl": 6.984885573387146, "minimum_sound_radius_ratio": 46.48995946457826, "mlp_relative_l2": 0.6872755970402588, "prompt_id": "eval_english_03", "split": "evaluation", "token_count": 8, "top1_matches": 1}
{"arm": "p95", "mean_kl": 6.159668058156967, "minimum_sound_radius_ratio": 56.617718154462715, "mlp_relative_l2": 0.6879303448913088, "prompt_id": "eval_korean_01", "split": "evaluation", "token_count": 8, "top1_matches": 0}
{"arm": "p95", "mean_kl": 7.645595699548721, "minimum_sound_radius_ratio": 57.00281830974863, "mlp_relative_l2": 0.6997350051895885, "prompt_id": "eval_korean_02", "split": "evaluation", "token_count": 8, "top1_matches": 0}
{"arm": "p95", "mean_kl": 6.237589508295059, "minimum_sound_radius_ratio": 47.52184090602173, "mlp_relative_l2": 0.6865726325308684, "prompt_id": "eval_code_01", "split": "evaluation", "token_count": 8, "top1_matches": 0}
{"arm": "p95", "mean_kl": 6.753827065229416, "minimum_sound_radius_ratio": 46.993978532147494, "mlp_relative_l2": 0.678236246972275, "prompt_id": "eval_json_02", "split": "evaluation", "token_count": 8, "top1_matches": 0}
{"arm": "p95", "mean_kl": 6.966681748628616, "minimum_sound_radius_ratio": 46.781457349879, "mlp_relative_l2": 0.6830335094892203, "prompt_id": "eval_json_03", "split": "evaluation", "token_count": 8, "top1_matches": 1}
{"arm": "p95", "mean_kl": 7.59286493062973, "minimum_sound_radius_ratio": 48.11835381289713, "mlp_relative_l2": 0.7112073268766861, "prompt_id": "eval_math_01", "split": "evaluation", "token_count": 8, "top1_matches": 1}
{"arm": "p95", "mean_kl": 5.596155375242233, "minimum_sound_radius_ratio": 46.086537165239974, "mlp_relative_l2": 0.6886776274960592, "prompt_id": "eval_math_03", "split": "evaluation", "token_count": 8, "top1_matches": 1}
{"arm": "p95", "mean_kl": 6.415773198008537, "minimum_sound_radius_ratio": 46.354410889443486, "mlp_relative_l2": 0.668779001519317, "prompt_id": "eval_adversarial_01", "split": "evaluation", "token_count": 8, "top1_matches": 2}
{"arm": "p95", "mean_kl": 7.102200269699097, "minimum_sound_radius_ratio": 47.204474662780925, "mlp_relative_l2": 0.6817131273929098, "prompt_id": "eval_adversarial_02", "split": "evaluation", "token_count": 8, "top1_matches": 0}
{"arm": "p95", "mean_kl": 3.557286649942398, "minimum_sound_radius_ratio": 46.298262032047056, "mlp_relative_l2": 0.6867342578753398, "prompt_id": "eval_adversarial_03", "split": "evaluation", "token_count": 8, "top1_matches": 2}
