{
  "scope": "E0/E1 scoped construction and cheapest rejection gates; no new mission core",
  "preregistration_sha256": "90e5da2d8b06f07d057f7d4fb0b86dbf010ee0f9e12b000718907947ea6c5679",
  "seed_count": 4,
  "full_block_inputs": 64,
  "compared_output_words": 512,
  "native_parity_rewrite_mismatches": 309,
  "monomial_direct_mismatches": 232,
  "monomial_direct_errors": 0,
  "monomial_gate_rounded_mismatches": 0,
  "monomial_gate_rounded_errors": 0,
  "float64_identity_max_absolute_error": 8.881784197001252e-16,
  "exact_rational_quadratic_outputs_checked": 250,
  "zero_quadratic_nonzero_output": {
    "G": [
      [
        1.0,
        1.0
      ],
      [
        1.0,
        -1.0
      ],
      [
        1.0,
        2.0
      ],
      [
        1.0,
        -2.0
      ]
    ],
    "U": [
      [
        2.0,
        2.0
      ],
      [
        4.0,
        -4.0
      ],
      [
        8.0,
        16.0
      ],
      [
        16.0,
        -32.0
      ]
    ],
    "D": [
      [
        -1.0,
        0.5,
        0.125,
        -0.0625
      ]
    ],
    "x": [
      1.0,
      2.0
    ],
    "quadratic_coefficients": [
      [
        "0",
        "0",
        "0"
      ]
    ],
    "exact_zero_quadratic": true,
    "native_output": [
      7.875
    ],
    "native_minus_input_output": [
      -7.78125
    ],
    "native_words": [
      16636
    ],
    "all_weight_entries_nonzero": true,
    "scope": "Explicit synthetic standard SwiGLU block; refutes retaining only its quadratic even summary"
  },
  "native_monomial_counterexample": {
    "G": [
      [
        1.0,
        0.00390625
      ]
    ],
    "U": [
      [
        0.5,
        0.5
      ]
    ],
    "D": [
      [
        1.0
      ]
    ],
    "x": [
      1.0,
      1.0
    ],
    "native_gate": [
      1.0
    ],
    "real_gate_exact": "257/256",
    "native_output": [
      0.73046875
    ],
    "transported_output": [
      0.734375
    ],
    "native_words": [
      16187
    ],
    "transported_words": [
      16188
    ]
  },
  "native_accumulation_counterexample": {
    "W": [
      [
        16777216.0,
        1.0,
        -16777216.0,
        1.0
      ]
    ],
    "x": [
      1.0,
      1.0,
      1.0,
      1.0
    ],
    "native_balanced_FP32_then_BF16": [
      1.0
    ],
    "exact_rational_sum": "2"
  },
  "attention_transport_counterexample": {
    "Wk": [
      [
        1.0,
        1.0
      ],
      [
        1.0,
        2.0
      ]
    ],
    "history": [
      [
        0.0,
        0.0
      ],
      [
        1.0,
        256.0
      ]
    ],
    "query": [
      2.0,
      -1.0
    ],
    "projected_keys": [
      [
        0.0,
        0.0
      ],
      [
        256.0,
        512.0
      ]
    ],
    "pulled_query": [
      1.0,
      0.0
    ],
    "native_scores": [
      0.0,
      0.0
    ],
    "transported_scores": [
      0.0,
      1.0
    ],
    "native_output": [
      0.5
    ],
    "transported_output": [
      0.66796875
    ],
    "native_words": [
      16128
    ],
    "transported_words": [
      16171
    ],
    "scope": "One explicit rounded attention operation, not a full HF decoder or RNG/state test"
  },
  "scale": {
    "dimensions": {
      "input": 16384,
      "hidden": 53248,
      "output": 16384
    },
    "source": "Declared illustrative scale, not a loaded checkpoint",
    "original_projection_coefficients": 2617245696,
    "symmetric_quadratic_coefficients": 2199157473280,
    "optimistic_two_bytes_per_tensor_coefficient_GiB": 4096.25,
    "original_BF16_projection_payload_GiB": 4.875,
    "coefficient_ratio": 840.2564102564103,
    "exact_tensor_coefficient_format": "arbitrary dyadic rational; two-byte assumption above is optimistic, NOT exact encoding",
    "dense_constructor_scalar_multiply_upper_bound": 702561541869797376,
    "tensor_query_scalar_multiply_count": 2199291699200,
    "odd_direct_projection_coefficient_reads": 2617245696,
    "odd_direct_branch_alone_vs_original_projection_reads": 1.0
  },
  "monomial_programs": [
    {
      "seed": 7,
      "original_weight_bytes": 256,
      "packed_program_bytes": 1306,
      "power_table_fp64_bytes": 840,
      "power_references": 561,
      "binary_power_and_product_multiplications": 626,
      "divisions": 16,
      "exp_evaluations": 8,
      "log_evaluations": 16,
      "reference_projection_multiplications": 128,
      "reference_projection_additions": 112
    },
    {
      "seed": 29,
      "original_weight_bytes": 256,
      "packed_program_bytes": 1296,
      "power_table_fp64_bytes": 864,
      "power_references": 556,
      "binary_power_and_product_multiplications": 624,
      "divisions": 16,
      "exp_evaluations": 8,
      "log_evaluations": 16,
      "reference_projection_multiplications": 128,
      "reference_projection_additions": 112
    },
    {
      "seed": 101,
      "original_weight_bytes": 256,
      "packed_program_bytes": 1284,
      "power_table_fp64_bytes": 800,
      "power_references": 550,
      "binary_power_and_product_multiplications": 610,
      "divisions": 16,
      "exp_evaluations": 8,
      "log_evaluations": 16,
      "reference_projection_multiplications": 128,
      "reference_projection_additions": 112
    },
    {
      "seed": 509,
      "original_weight_bytes": 256,
      "packed_program_bytes": 1292,
      "power_table_fp64_bytes": 896,
      "power_references": 554,
      "binary_power_and_product_multiplications": 626,
      "divisions": 16,
      "exp_evaluations": 8,
      "log_evaluations": 16,
      "reference_projection_multiplications": 128,
      "reference_projection_additions": 112
    }
  ],
  "mission": {
    "THEORY_STATUS": "NOT_ESTABLISHED",
    "CORE_ADMISSION": false,
    "O1_O6": "OPEN",
    "HARDWARE_STATUS": "NOT_TESTED",
    "public_checkpoint_tested": false,
    "three_qualifying_new_principles_constructed": false
  },
  "performance": "All counts are logical/derived; no native4B baseline, GPU VRAM, TTFT or latency measurement",
  "decision": "Do not enlarge these three unqualified routes. No fast residual/word-corrector has been constructed."
}
