We detected that you are passing `past_key_values` as a tuple of tuples. This is deprecated and will be removed in v4.47. Please convert your cache or use an appropriate `Cache` class (https://huggingface.co/docs/transformers/kv_cache#legacy-cache-format)
{
  "DERIVED": {
    "minimum_service_tokens_to_amortize_build_forwards": 8100,
    "target_resources": {
      "compiled_mlp_operation_fraction": 0.00048828125,
      "sidecar_bytes": 2213019648,
      "sidecar_gib": 2.06103515625,
      "uncompiled_non_mlp_fraction": 0.1874496186519502,
      "whole_model_fraction_if_only_mlp_replaced": 0.1878463717678428
    }
  },
  "MEASURED": {
    "build_assignment_counts": [
      69,
      9,
      6,
      12
    ],
    "build_state_count": 96,
    "evaluation_state_count": 96,
    "queries": {
      "build_oracle_fp64": {
        "candidate_sha256": "a032dde2120329a0e8cf875a4af454947b3fa1cc2ac44c65564f41350f175c0f",
        "mode": "oracle",
        "precision": "fp64",
        "report": {
          "mismatched_rows_max": 575,
          "mismatched_rows_p50": 558.0,
          "row_exact_fraction_p50": 0.03125,
          "row_exact_fraction_p95": 1.0,
          "vector_exact_fraction": 0.28125
        },
        "selected": [
          0,
          0,
          0,
          0,
          0,
          0,
          2,
          0,
          0,
          0,
          0,
          0,
          2,
          0,
          0,
          2,
          2,
          0,
          1,
          3,
          3,
          1,
          3,
          3,
          1,
          3,
          3,
          1,
          3,
          3,
          1,
          3,
          0,
          0,
          0,
          1,
          0,
          2,
          0,
          1,
          0,
          0,
          0,
          0,
          0,
          0,
          0,
          0,
          0,
          0,
          0,
          0,
          0,
          0,
          0,
          0,
          0,
          0,
          1,
          0,
          0,
          0,
          3,
          0,
          0,
          0,
          0,
          2,
          0,
          3,
          0,
          0,
          0,
          0,
          0,
          2,
          0,
          3,
          0,
          0,
          0,
          0,
          0,
          2,
          0,
          0,
          0,
          0,
          0,
          0,
          1,
          0,
          0,
          0,
          0,
          0
        ],
        "use_counts": [
          67,
          9,
          8,
          12
        ]
      },
      "build_router_fp32": {
        "candidate_sha256": "ae41c597691ae8b8edf80b71708a2d5f9366189171715cd32a569ed4b4a93ca9",
        "mode": "router",
        "precision": "fp32",
        "report": {
          "mismatched_rows_max": 576,
          "mismatched_rows_p50": 558.0,
          "row_exact_fraction_p50": 0.03125,
          "row_exact_fraction_p95": 1.0,
          "vector_exact_fraction": 0.28125
        },
        "selected": [
          0,
          0,
          0,
          0,
          0,
          0,
          2,
          0,
          0,
          0,
          0,
          0,
          2,
          0,
          0,
          2,
          0,
          0,
          1,
          3,
          3,
          1,
          3,
          3,
          1,
          3,
          3,
          1,
          3,
          3,
          1,
          3,
          0,
          0,
          0,
          1,
          0,
          0,
          0,
          1,
          0,
          0,
          0,
          0,
          0,
          0,
          0,
          0,
          0,
          0,
          0,
          0,
          0,
          0,
          0,
          0,
          0,
          0,
          1,
          0,
          0,
          0,
          3,
          0,
          0,
          0,
          0,
          2,
          0,
          3,
          0,
          0,
          0,
          0,
          0,
          2,
          0,
          3,
          0,
          0,
          0,
          0,
          0,
          2,
          0,
          0,
          0,
          0,
          0,
          0,
          1,
          0,
          0,
          0,
          0,
          0
        ],
        "use_counts": [
          69,
          9,
          6,
          12
        ]
      },
      "build_router_fp64": {
        "candidate_sha256": "fc293479438de3a506c2874f8f961c1e1e842776afc00fe40a216ad4fb3b284a",
        "mode": "router",
        "precision": "fp64",
        "report": {
          "mismatched_rows_max": 576,
          "mismatched_rows_p50": 558.0,
          "row_exact_fraction_p50": 0.03125,
          "row_exact_fraction_p95": 1.0,
          "vector_exact_fraction": 0.28125
        },
        "selected": [
          0,
          0,
          0,
          0,
          0,
          0,
          2,
          0,
          0,
          0,
          0,
          0,
          2,
          0,
          0,
          2,
          0,
          0,
          1,
          3,
          3,
          1,
          3,
          3,
          1,
          3,
          3,
          1,
          3,
          3,
          1,
          3,
          0,
          0,
          0,
          1,
          0,
          0,
          0,
          1,
          0,
          0,
          0,
          0,
          0,
          0,
          0,
          0,
          0,
          0,
          0,
          0,
          0,
          0,
          0,
          0,
          0,
          0,
          1,
          0,
          0,
          0,
          3,
          0,
          0,
          0,
          0,
          2,
          0,
          3,
          0,
          0,
          0,
          0,
          0,
          2,
          0,
          3,
          0,
          0,
          0,
          0,
          0,
          2,
          0,
          0,
          0,
          0,
          0,
          0,
          1,
          0,
          0,
          0,
          0,
          0
        ],
        "use_counts": [
          69,
          9,
          6,
          12
        ]
      },
      "eval_oracle_fp32": {
        "candidate_sha256": "b5f3923d3410f5453babf052ce2146842d7ee89494c7249006004120704ce570",
        "mode": "oracle",
        "precision": "fp32",
        "report": {
          "mismatched_rows_max": 576,
          "mismatched_rows_p50": 573.0,
          "row_exact_fraction_p50": 0.0052083334885537624,
          "row_exact_fraction_p95": 0.0503472238779068,
          "vector_exact_fraction": 0.0
        },
        "selected": [
          0,
          0,
          0,
          1,
          0,
          0,
          0,
          3,
          1,
          0,
          0,
          0,
          0,
          0,
          0,
          0,
          0,
          0,
          1,
          0,
          1,
          1,
          3,
          3,
          1,
          3,
          1,
          1,
          1,
          1,
          1,
          1,
          0,
          0,
          0,
          3,
          2,
          0,
          0,
          0,
          0,
          0,
          0,
          0,
          2,
          3,
          0,
          0,
          0,
          0,
          0,
          0,
          0,
          0,
          0,
          0,
          0,
          0,
          0,
          0,
          0,
          0,
          1,
          3,
          0,
          0,
          0,
          0,
          0,
          0,
          0,
          0,
          0,
          0,
          0,
          2,
          0,
          3,
          0,
          0,
          0,
          0,
          0,
          2,
          0,
          0,
          0,
          0,
          0,
          0,
          0,
          3,
          0,
          0,
          2,
          0
        ],
        "use_counts": [
          69,
          13,
          5,
          9
        ]
      },
      "eval_oracle_fp64": {
        "candidate_sha256": "e7a2435a4052c701d8acf590098fbbd538f82bea08b8546f48c3a26927a08520",
        "mode": "oracle",
        "precision": "fp64",
        "report": {
          "mismatched_rows_max": 576,
          "mismatched_rows_p50": 573.0,
          "row_exact_fraction_p50": 0.0052083334885537624,
          "row_exact_fraction_p95": 0.0503472238779068,
          "vector_exact_fraction": 0.0
        },
        "selected": [
          0,
          0,
          0,
          1,
          0,
          0,
          0,
          3,
          1,
          0,
          0,
          0,
          0,
          0,
          0,
          0,
          0,
          0,
          1,
          0,
          1,
          1,
          3,
          3,
          1,
          3,
          1,
          1,
          1,
          1,
          1,
          1,
          0,
          0,
          0,
          3,
          2,
          0,
          0,
          0,
          0,
          0,
          0,
          0,
          2,
          3,
          0,
          0,
          0,
          0,
          0,
          0,
          0,
          0,
          0,
          0,
          0,
          0,
          0,
          0,
          0,
          0,
          1,
          3,
          0,
          0,
          0,
          0,
          0,
          0,
          0,
          0,
          0,
          0,
          0,
          2,
          0,
          3,
          0,
          0,
          0,
          0,
          0,
          2,
          0,
          0,
          0,
          0,
          0,
          0,
          0,
          3,
          0,
          0,
          2,
          0
        ],
        "use_counts": [
          69,
          13,
          5,
          9
        ]
      },
      "eval_router_fp32": {
        "candidate_sha256": "db456969a76e14aa8a89e57dc20e6635c4239730258f204af230a9a70ca9ca40",
        "mode": "router",
        "precision": "fp32",
        "report": {
          "mismatched_rows_max": 576,
          "mismatched_rows_p50": 573.0,
          "row_exact_fraction_p50": 0.0052083334885537624,
          "row_exact_fraction_p95": 0.0503472238779068,
          "vector_exact_fraction": 0.0
        },
        "selected": [
          0,
          0,
          0,
          0,
          0,
          0,
          0,
          2,
          3,
          0,
          0,
          0,
          0,
          0,
          2,
          0,
          0,
          0,
          1,
          3,
          3,
          1,
          3,
          3,
          1,
          3,
          3,
          1,
          3,
          3,
          1,
          3,
          0,
          0,
          0,
          1,
          0,
          0,
          1,
          3,
          3,
          0,
          0,
          0,
          0,
          3,
          1,
          0,
          0,
          0,
          0,
          0,
          0,
          0,
          0,
          0,
          0,
          0,
          1,
          0,
          3,
          0,
          0,
          3,
          0,
          0,
          3,
          0,
          0,
          0,
          3,
          0,
          0,
          0,
          0,
          2,
          0,
          0,
          0,
          0,
          0,
          0,
          0,
          2,
          0,
          0,
          0,
          0,
          0,
          0,
          0,
          0,
          0,
          0,
          0,
          0
        ],
        "use_counts": [
          66,
          9,
          4,
          17
        ]
      }
    },
    "residual": {
      "oracle": {
        "unique_residual_vector_fraction": 1.0,
        "unique_words_per_coordinate_p50": 88.0,
        "unique_words_per_coordinate_p95": 93.0,
        "zero_word_fraction": 0.011863426305353642
      },
      "router": {
        "unique_residual_vector_fraction": 1.0,
        "unique_words_per_coordinate_p50": 87.0,
        "unique_words_per_coordinate_p95": 92.0,
        "zero_word_fraction": 0.011393229477107525
      }
    }
  },
  "authoritative_decision": "INVALID_CAUSAL_FUNCTIONAL_MICROPROGRAM_NUMERICAL_CONTROL_FAILURE",
  "capture_wall_ns": 5759238243,
  "claim_boundary": {
    "405b": "NOT_TESTED",
    "8gib_gpu": "NOT_TESTED",
    "actual_causal_states": true,
    "complete_layer": "NOT_TESTED",
    "complete_mlp_replaced": false,
    "disjoint_build_evaluation_prompts": true,
    "latency": "NOT_TESTED",
    "official_checkpoint_loaded": true,
    "oracle_deployable": false,
    "state_lookup_table": false
  },
  "compile_wall_ns": 6973210,
  "config_sha256": "a2131f5e690cad8c0960035333867f5af0a938589155c3815b75dae8afa28d81",
  "deterministic_core_sha256": "e22e7a2b5f713bf5f6684da787ca02669f94cf08cc7175f59037c165093bbcb5",
  "evidence_level": "E1",
  "experiment": "EXP-086A",
  "gates": {
    "integrity": false,
    "oracle": false,
    "resource": true,
    "router": false
  },
  "load_wall_ns": 9893696008,
  "manifest": {
    "clusters": 4,
    "fingerprint": "f3a2eac734eaf590c7d41c092793ca7f27a84812e68a99f2d184f61442ead18e",
    "mechanism": "checkpoint_static_low_rank_affine_whole_swiglu_microprogram_library",
    "programs": [
      {
        "build_count": 69,
        "fingerprint": "2461678bb8a89025c05ddb6aa31b50d3757caa7926587022acda440b8508cd91",
        "rank": 32
      },
      {
        "build_count": 9,
        "fingerprint": "f4183e2b0214d8299bf54e775e207d1676c7db54cf528c2f76144a13661e3566",
        "rank": 8
      },
      {
        "build_count": 6,
        "fingerprint": "e0e025c9d1c226b321ff6aa0acd8ec5718ae8bb26eeaa8bed7bea02bb3388cd8",
        "rank": 5
      },
      {
        "build_count": 12,
        "fingerprint": "80c469356630455a33e0b69602289300e9f6b7f9295bd4f6083aa96ada5387dd",
        "rank": 11
      }
    ],
    "rank_cap": 32
  },
  "name": "causal_functional_microprogram_sharing_gate",
  "runtime": {
    "python": "3.11.10",
    "safetensors": "0.4.5",
    "torch": "2.5.1+cpu",
    "transformers": "4.46.3"
  },
  "source_sha": "152faa529ffafd2b84136dc9282bd237f6a8764a"
}
