{"column_universal_blocks": 128, "lower_bound_fraction": 0.015628814697265625, "row_universal_blocks": 32, "selected_orientation": "rows", "shape": [4096, 1024], "tensor": "model.language_model.layers.3.self_attn.q_proj.weight"}
{"column_universal_blocks": 16, "lower_bound_fraction": 0.0156402587890625, "row_universal_blocks": 32, "selected_orientation": "columns", "shape": [512, 1024], "tensor": "model.language_model.layers.3.self_attn.k_proj.weight"}
{"column_universal_blocks": 16, "lower_bound_fraction": 0.0156402587890625, "row_universal_blocks": 30, "selected_orientation": "columns", "shape": [512, 1024], "tensor": "model.language_model.layers.3.self_attn.v_proj.weight"}
{"column_universal_blocks": 32, "lower_bound_fraction": 0.01563262939453125, "row_universal_blocks": 54, "selected_orientation": "columns", "shape": [1024, 2048], "tensor": "model.language_model.layers.3.self_attn.o_proj.weight"}
{"column_universal_blocks": 112, "lower_bound_fraction": 0.01562908717564174, "row_universal_blocks": 31, "selected_orientation": "rows", "shape": [3584, 1024], "tensor": "model.language_model.layers.3.mlp.gate_proj.weight"}
{"column_universal_blocks": 112, "lower_bound_fraction": 0.015629359654017856, "row_universal_blocks": 32, "selected_orientation": "rows", "shape": [3584, 1024], "tensor": "model.language_model.layers.3.mlp.up_proj.weight"}
{"column_universal_blocks": 32, "lower_bound_fraction": 0.015629359654017856, "row_universal_blocks": 89, "selected_orientation": "columns", "shape": [1024, 3584], "tensor": "model.language_model.layers.3.mlp.down_proj.weight"}
{"column_universal_blocks": 128, "lower_bound_fraction": 0.015628814697265625, "row_universal_blocks": 32, "selected_orientation": "rows", "shape": [4096, 1024], "tensor": "model.language_model.layers.11.self_attn.q_proj.weight"}
{"column_universal_blocks": 16, "lower_bound_fraction": 0.0156402587890625, "row_universal_blocks": 32, "selected_orientation": "columns", "shape": [512, 1024], "tensor": "model.language_model.layers.11.self_attn.k_proj.weight"}
{"column_universal_blocks": 12, "lower_bound_fraction": 0.01563262939453125, "row_universal_blocks": 32, "selected_orientation": "columns", "shape": [512, 1024], "tensor": "model.language_model.layers.11.self_attn.v_proj.weight"}
{"column_universal_blocks": 32, "lower_bound_fraction": 0.015581607818603516, "row_universal_blocks": 8, "selected_orientation": "rows", "shape": [1024, 2048], "tensor": "model.language_model.layers.11.self_attn.o_proj.weight"}
{"column_universal_blocks": 112, "lower_bound_fraction": 0.015629359654017856, "row_universal_blocks": 32, "selected_orientation": "rows", "shape": [3584, 1024], "tensor": "model.language_model.layers.11.mlp.gate_proj.weight"}
{"column_universal_blocks": 112, "lower_bound_fraction": 0.015629359654017856, "row_universal_blocks": 32, "selected_orientation": "rows", "shape": [3584, 1024], "tensor": "model.language_model.layers.11.mlp.up_proj.weight"}
{"column_universal_blocks": 32, "lower_bound_fraction": 0.015629359654017856, "row_universal_blocks": 112, "selected_orientation": "columns", "shape": [1024, 3584], "tensor": "model.language_model.layers.11.mlp.down_proj.weight"}
{"column_universal_blocks": 128, "lower_bound_fraction": 0.01562786102294922, "row_universal_blocks": 27, "selected_orientation": "rows", "shape": [4096, 1024], "tensor": "model.language_model.layers.23.self_attn.q_proj.weight"}
{"column_universal_blocks": 16, "lower_bound_fraction": 0.0156402587890625, "row_universal_blocks": 32, "selected_orientation": "columns", "shape": [512, 1024], "tensor": "model.language_model.layers.23.self_attn.k_proj.weight"}
{"column_universal_blocks": 16, "lower_bound_fraction": 0.015497207641601562, "row_universal_blocks": 0, "selected_orientation": "rows", "shape": [512, 1024], "tensor": "model.language_model.layers.23.self_attn.v_proj.weight"}
{"column_universal_blocks": 18, "lower_bound_fraction": 0.01562643051147461, "row_universal_blocks": 42, "selected_orientation": "columns", "shape": [1024, 2048], "tensor": "model.language_model.layers.23.self_attn.o_proj.weight"}
{"column_universal_blocks": 112, "lower_bound_fraction": 0.01562854221888951, "row_universal_blocks": 28, "selected_orientation": "rows", "shape": [3584, 1024], "tensor": "model.language_model.layers.23.mlp.gate_proj.weight"}
{"column_universal_blocks": 112, "lower_bound_fraction": 0.015620095389229911, "row_universal_blocks": 1, "selected_orientation": "rows", "shape": [3584, 1024], "tensor": "model.language_model.layers.23.mlp.up_proj.weight"}
{"column_universal_blocks": 32, "lower_bound_fraction": 0.015596662248883928, "row_universal_blocks": 6, "selected_orientation": "rows", "shape": [1024, 3584], "tensor": "model.language_model.layers.23.mlp.down_proj.weight"}
