{"fraction": 0.05, "mean_kl": 2.4392727967351675, "mlp_relative_l2": 0.44405963839835466, "prompt_id": "build_english_01", "split": "build", "token_count": 8, "top1_matches": 3}
{"fraction": 0.05, "mean_kl": 2.4097305089235306, "mlp_relative_l2": 0.45502402687473237, "prompt_id": "build_korean_01", "split": "build", "token_count": 8, "top1_matches": 1}
{"fraction": 0.05, "mean_kl": 0.9909984767436981, "mlp_relative_l2": 0.48063160210783223, "prompt_id": "build_code_01", "split": "build", "token_count": 8, "top1_matches": 8}
{"fraction": 0.05, "mean_kl": 2.873515222920105, "mlp_relative_l2": 0.4515116686797614, "prompt_id": "eval_korean_03", "split": "evaluation", "token_count": 8, "top1_matches": 3}
{"fraction": 0.05, "mean_kl": 1.2579202950000763, "mlp_relative_l2": 0.45337041926186183, "prompt_id": "eval_code_03", "split": "evaluation", "token_count": 8, "top1_matches": 3}
{"fraction": 0.05, "mean_kl": 1.0334534891881049, "mlp_relative_l2": 0.43669785578006237, "prompt_id": "build_json_01", "split": "build", "token_count": 8, "top1_matches": 5}
{"fraction": 0.05, "mean_kl": 1.3799986178055406, "mlp_relative_l2": 0.45555703429076877, "prompt_id": "eval_json_01", "split": "evaluation", "token_count": 8, "top1_matches": 7}
{"fraction": 0.05, "mean_kl": 1.7030425891280174, "mlp_relative_l2": 0.48126120536999084, "prompt_id": "build_math_01", "split": "build", "token_count": 8, "top1_matches": 4}
{"fraction": 0.05, "mean_kl": 1.1198819214478135, "mlp_relative_l2": 0.4386184824178089, "prompt_id": "build_adversarial_01", "split": "build", "token_count": 8, "top1_matches": 6}
{"fraction": 0.05, "mean_kl": 1.417636651545763, "mlp_relative_l2": 0.45471411629114405, "prompt_id": "eval_english_01", "split": "evaluation", "token_count": 8, "top1_matches": 5}
{"fraction": 0.05, "mean_kl": 1.2587721939198673, "mlp_relative_l2": 0.47366702630886354, "prompt_id": "eval_code_02", "split": "evaluation", "token_count": 8, "top1_matches": 7}
{"fraction": 0.05, "mean_kl": 0.4530418310314417, "mlp_relative_l2": 0.4809773414812105, "prompt_id": "eval_math_02", "split": "evaluation", "token_count": 8, "top1_matches": 6}
{"fraction": 0.05, "mean_kl": 3.0120109394192696, "mlp_relative_l2": 0.4689927349266018, "prompt_id": "eval_english_02", "split": "evaluation", "token_count": 8, "top1_matches": 1}
{"fraction": 0.05, "mean_kl": 1.5908110812306404, "mlp_relative_l2": 0.4515546541263561, "prompt_id": "eval_english_03", "split": "evaluation", "token_count": 8, "top1_matches": 5}
{"fraction": 0.05, "mean_kl": 2.7844878137111664, "mlp_relative_l2": 0.4542653135092931, "prompt_id": "eval_korean_01", "split": "evaluation", "token_count": 8, "top1_matches": 4}
{"fraction": 0.05, "mean_kl": 3.239350587129593, "mlp_relative_l2": 0.4512400143776126, "prompt_id": "eval_korean_02", "split": "evaluation", "token_count": 8, "top1_matches": 1}
{"fraction": 0.05, "mean_kl": 1.2666995991021395, "mlp_relative_l2": 0.4775323133765206, "prompt_id": "eval_code_01", "split": "evaluation", "token_count": 8, "top1_matches": 7}
{"fraction": 0.05, "mean_kl": 1.3872345853596926, "mlp_relative_l2": 0.43711805416964256, "prompt_id": "eval_json_02", "split": "evaluation", "token_count": 8, "top1_matches": 4}
{"fraction": 0.05, "mean_kl": 1.577780635561794, "mlp_relative_l2": 0.4490851708511393, "prompt_id": "eval_json_03", "split": "evaluation", "token_count": 8, "top1_matches": 4}
{"fraction": 0.05, "mean_kl": 1.4624631679616868, "mlp_relative_l2": 0.46254321787343333, "prompt_id": "eval_math_01", "split": "evaluation", "token_count": 8, "top1_matches": 5}
{"fraction": 0.05, "mean_kl": 1.1951884310692549, "mlp_relative_l2": 0.45228501902959034, "prompt_id": "eval_math_03", "split": "evaluation", "token_count": 8, "top1_matches": 6}
{"fraction": 0.05, "mean_kl": 1.0752026699483395, "mlp_relative_l2": 0.4178426344679892, "prompt_id": "eval_adversarial_01", "split": "evaluation", "token_count": 8, "top1_matches": 7}
{"fraction": 0.05, "mean_kl": 4.53242814540863, "mlp_relative_l2": 0.42880777683359106, "prompt_id": "eval_adversarial_02", "split": "evaluation", "token_count": 8, "top1_matches": 1}
{"fraction": 0.05, "mean_kl": 2.001966767013073, "mlp_relative_l2": 0.4442210454292016, "prompt_id": "eval_adversarial_03", "split": "evaluation", "token_count": 8, "top1_matches": 4}
{"fraction": 0.1, "mean_kl": 1.264025526936166, "mlp_relative_l2": 0.37917640521319546, "prompt_id": "build_english_01", "split": "build", "token_count": 8, "top1_matches": 4}
{"fraction": 0.1, "mean_kl": 1.728548251092434, "mlp_relative_l2": 0.3854092368805304, "prompt_id": "build_korean_01", "split": "build", "token_count": 8, "top1_matches": 1}
{"fraction": 0.1, "mean_kl": 0.7103635884122923, "mlp_relative_l2": 0.40134206469742145, "prompt_id": "build_code_01", "split": "build", "token_count": 8, "top1_matches": 7}
{"fraction": 0.1, "mean_kl": 1.2313249036669731, "mlp_relative_l2": 0.3830457580450166, "prompt_id": "eval_korean_03", "split": "evaluation", "token_count": 8, "top1_matches": 5}
{"fraction": 0.1, "mean_kl": 0.6535997427999973, "mlp_relative_l2": 0.3830708490658884, "prompt_id": "eval_code_03", "split": "evaluation", "token_count": 8, "top1_matches": 6}
{"fraction": 0.1, "mean_kl": 0.820630966220051, "mlp_relative_l2": 0.36740346617874936, "prompt_id": "build_json_01", "split": "build", "token_count": 8, "top1_matches": 6}
{"fraction": 0.1, "mean_kl": 0.46464827662566677, "mlp_relative_l2": 0.37192187015789174, "prompt_id": "eval_json_01", "split": "evaluation", "token_count": 8, "top1_matches": 7}
{"fraction": 0.1, "mean_kl": 1.0741876913234591, "mlp_relative_l2": 0.3886274987877327, "prompt_id": "build_math_01", "split": "build", "token_count": 8, "top1_matches": 6}
{"fraction": 0.1, "mean_kl": 0.40591777907684445, "mlp_relative_l2": 0.35288480572460384, "prompt_id": "build_adversarial_01", "split": "build", "token_count": 8, "top1_matches": 7}
{"fraction": 0.1, "mean_kl": 0.7614188604056835, "mlp_relative_l2": 0.3721874208300727, "prompt_id": "eval_english_01", "split": "evaluation", "token_count": 8, "top1_matches": 7}
{"fraction": 0.1, "mean_kl": 0.5763236914644949, "mlp_relative_l2": 0.39344644556921987, "prompt_id": "eval_code_02", "split": "evaluation", "token_count": 8, "top1_matches": 6}
{"fraction": 0.1, "mean_kl": 0.35552160581573844, "mlp_relative_l2": 0.3976026569582488, "prompt_id": "eval_math_02", "split": "evaluation", "token_count": 8, "top1_matches": 7}
{"fraction": 0.1, "mean_kl": 2.0845992602407932, "mlp_relative_l2": 0.3862515843390131, "prompt_id": "eval_english_02", "split": "evaluation", "token_count": 8, "top1_matches": 1}
{"fraction": 0.1, "mean_kl": 1.1937481071799994, "mlp_relative_l2": 0.37127951818159705, "prompt_id": "eval_english_03", "split": "evaluation", "token_count": 8, "top1_matches": 5}
{"fraction": 0.1, "mean_kl": 1.1849192772060633, "mlp_relative_l2": 0.3841443228136606, "prompt_id": "eval_korean_01", "split": "evaluation", "token_count": 8, "top1_matches": 3}
{"fraction": 0.1, "mean_kl": 0.8769700210541487, "mlp_relative_l2": 0.38593739461375837, "prompt_id": "eval_korean_02", "split": "evaluation", "token_count": 8, "top1_matches": 6}
{"fraction": 0.1, "mean_kl": 0.703159274533391, "mlp_relative_l2": 0.3872171759433532, "prompt_id": "eval_code_01", "split": "evaluation", "token_count": 8, "top1_matches": 7}
{"fraction": 0.1, "mean_kl": 0.4298590164107736, "mlp_relative_l2": 0.36563172434770375, "prompt_id": "eval_json_02", "split": "evaluation", "token_count": 8, "top1_matches": 7}
{"fraction": 0.1, "mean_kl": 1.0342165215988643, "mlp_relative_l2": 0.3751700417450032, "prompt_id": "eval_json_03", "split": "evaluation", "token_count": 8, "top1_matches": 5}
{"fraction": 0.1, "mean_kl": 0.628841791767627, "mlp_relative_l2": 0.3969243789585874, "prompt_id": "eval_math_01", "split": "evaluation", "token_count": 8, "top1_matches": 6}
{"fraction": 0.1, "mean_kl": 0.42199196777073666, "mlp_relative_l2": 0.3829877962515399, "prompt_id": "eval_math_03", "split": "evaluation", "token_count": 8, "top1_matches": 7}
{"fraction": 0.1, "mean_kl": 0.2745224190875888, "mlp_relative_l2": 0.34255489692627267, "prompt_id": "eval_adversarial_01", "split": "evaluation", "token_count": 8, "top1_matches": 8}
{"fraction": 0.1, "mean_kl": 1.8355186339467764, "mlp_relative_l2": 0.3412756892137185, "prompt_id": "eval_adversarial_02", "split": "evaluation", "token_count": 8, "top1_matches": 5}
{"fraction": 0.1, "mean_kl": 1.2037183567881584, "mlp_relative_l2": 0.35749031758786537, "prompt_id": "eval_adversarial_03", "split": "evaluation", "token_count": 8, "top1_matches": 5}
{"fraction": 0.2, "mean_kl": 0.9345097918703686, "mlp_relative_l2": 0.28396384967716415, "prompt_id": "build_english_01", "split": "build", "token_count": 8, "top1_matches": 4}
{"fraction": 0.2, "mean_kl": 0.7304520979523659, "mlp_relative_l2": 0.2811143371279757, "prompt_id": "build_korean_01", "split": "build", "token_count": 8, "top1_matches": 3}
{"fraction": 0.2, "mean_kl": 0.24870274105342105, "mlp_relative_l2": 0.28493775217417405, "prompt_id": "build_code_01", "split": "build", "token_count": 8, "top1_matches": 8}
{"fraction": 0.2, "mean_kl": 0.4606471421020615, "mlp_relative_l2": 0.2848822705166113, "prompt_id": "eval_korean_03", "split": "evaluation", "token_count": 8, "top1_matches": 7}
{"fraction": 0.2, "mean_kl": 0.4543554373085499, "mlp_relative_l2": 0.276949875989122, "prompt_id": "eval_code_03", "split": "evaluation", "token_count": 8, "top1_matches": 6}
{"fraction": 0.2, "mean_kl": 0.14953437919757562, "mlp_relative_l2": 0.2623377534439996, "prompt_id": "build_json_01", "split": "build", "token_count": 8, "top1_matches": 8}
{"fraction": 0.2, "mean_kl": 0.15665193554013968, "mlp_relative_l2": 0.2736410355570452, "prompt_id": "eval_json_01", "split": "evaluation", "token_count": 8, "top1_matches": 8}
{"fraction": 0.2, "mean_kl": 0.41205803491175175, "mlp_relative_l2": 0.280165221159017, "prompt_id": "build_math_01", "split": "build", "token_count": 8, "top1_matches": 7}
{"fraction": 0.2, "mean_kl": 0.47595376188110095, "mlp_relative_l2": 0.24894828603469962, "prompt_id": "build_adversarial_01", "split": "build", "token_count": 8, "top1_matches": 6}
{"fraction": 0.2, "mean_kl": 0.22568935994058847, "mlp_relative_l2": 0.277855313787075, "prompt_id": "eval_english_01", "split": "evaluation", "token_count": 8, "top1_matches": 8}
{"fraction": 0.2, "mean_kl": 0.11731404387683142, "mlp_relative_l2": 0.2897103856001159, "prompt_id": "eval_code_02", "split": "evaluation", "token_count": 8, "top1_matches": 8}
{"fraction": 0.2, "mean_kl": 0.13376817676908104, "mlp_relative_l2": 0.29120644610079827, "prompt_id": "eval_math_02", "split": "evaluation", "token_count": 8, "top1_matches": 6}
{"fraction": 0.2, "mean_kl": 0.7096612751483917, "mlp_relative_l2": 0.28643559643117633, "prompt_id": "eval_english_02", "split": "evaluation", "token_count": 8, "top1_matches": 5}
{"fraction": 0.2, "mean_kl": 0.524626212194562, "mlp_relative_l2": 0.27336108904593853, "prompt_id": "eval_english_03", "split": "evaluation", "token_count": 8, "top1_matches": 5}
{"fraction": 0.2, "mean_kl": 0.4027934509795159, "mlp_relative_l2": 0.27884203344857567, "prompt_id": "eval_korean_01", "split": "evaluation", "token_count": 8, "top1_matches": 5}
{"fraction": 0.2, "mean_kl": 0.34669893980026245, "mlp_relative_l2": 0.2879259780493446, "prompt_id": "eval_korean_02", "split": "evaluation", "token_count": 8, "top1_matches": 6}
{"fraction": 0.2, "mean_kl": 0.430644832435064, "mlp_relative_l2": 0.2857413131625225, "prompt_id": "eval_code_01", "split": "evaluation", "token_count": 8, "top1_matches": 8}
{"fraction": 0.2, "mean_kl": 0.3685089493083069, "mlp_relative_l2": 0.27379842226789586, "prompt_id": "eval_json_02", "split": "evaluation", "token_count": 8, "top1_matches": 7}
{"fraction": 0.2, "mean_kl": 0.6852377020695712, "mlp_relative_l2": 0.27154203891736345, "prompt_id": "eval_json_03", "split": "evaluation", "token_count": 8, "top1_matches": 5}
{"fraction": 0.2, "mean_kl": 0.17804994295693177, "mlp_relative_l2": 0.2831592973082573, "prompt_id": "eval_math_01", "split": "evaluation", "token_count": 8, "top1_matches": 7}
{"fraction": 0.2, "mean_kl": 0.14760153624229133, "mlp_relative_l2": 0.28171029901391986, "prompt_id": "eval_math_03", "split": "evaluation", "token_count": 8, "top1_matches": 8}
{"fraction": 0.2, "mean_kl": 0.18597260568640195, "mlp_relative_l2": 0.23979893434424943, "prompt_id": "eval_adversarial_01", "split": "evaluation", "token_count": 8, "top1_matches": 8}
{"fraction": 0.2, "mean_kl": 0.9135016829750384, "mlp_relative_l2": 0.24212737199886267, "prompt_id": "eval_adversarial_02", "split": "evaluation", "token_count": 8, "top1_matches": 6}
{"fraction": 0.2, "mean_kl": 0.27433249540627, "mlp_relative_l2": 0.258064833737946, "prompt_id": "eval_adversarial_03", "split": "evaluation", "token_count": 8, "top1_matches": 7}
