We detected that you are passing `past_key_values` as a tuple of tuples. This is deprecated and will be removed in v4.47. Please convert your cache or use an appropriate `Cache` class (https://huggingface.co/docs/transformers/kv_cache#legacy-cache-format)
{
  "DERIVED": {
    "minimum_service_tokens_to_amortize_build_transitions": 8100,
    "target_resources": {
      "compiled_mlp_operation_fraction": 0.00036154114283048187,
      "favorable_packed_instruction_count_per_layer": 946242,
      "feature_count": 79,
      "sidecar_bytes": 1783627776,
      "sidecar_gib": 1.6611328125,
      "uncompiled_non_mlp_fraction": 0.1874496186519502,
      "whole_model_operation_fraction_if_only_mlp_replaced": 0.18774338904543011
    }
  },
  "MEASURED": {
    "build_assignment_counts": [
      24,
      24,
      24,
      24
    ],
    "build_program_exact": [
      true,
      true,
      true,
      true
    ],
    "build_state_count": 96,
    "controls": {
      "synthetic_quadratic": {
        "consistent": true,
        "features": 22,
        "mismatches": 0,
        "rank": 22,
        "rows": 32
      }
    },
    "evaluation_state_count": 96,
    "queries": {
      "build_oracle": {
        "candidate_sha256": "e002f392d41be7d6898097014752045f4d7d402800fcc087461d62263541a63a",
        "mode": "oracle",
        "report": {
          "count": 96,
          "exact_vectors": 96,
          "mismatched_rows_max": 0,
          "mismatched_rows_p50": 0.0,
          "mismatched_rows_p95": 0.0,
          "row_exact_fraction_p05": 1.0,
          "row_exact_fraction_p50": 1.0,
          "row_exact_fraction_p95": 1.0,
          "vector_exact_fraction": 1.0
        },
        "selected": [
          3,
          3,
          2,
          0,
          2,
          2,
          1,
          0,
          1,
          0,
          1,
          1,
          1,
          1,
          0,
          0,
          3,
          3,
          1,
          0,
          3,
          1,
          0,
          1,
          0,
          3,
          1,
          0,
          2,
          0,
          2,
          0,
          3,
          3,
          1,
          0,
          3,
          3,
          1,
          0,
          3,
          1,
          2,
          2,
          3,
          1,
          2,
          3,
          3,
          3,
          2,
          0,
          0,
          2,
          2,
          0,
          0,
          1,
          0,
          1,
          2,
          0,
          2,
          0,
          3,
          3,
          0,
          2,
          3,
          3,
          1,
          3,
          2,
          2,
          3,
          3,
          1,
          1,
          2,
          1,
          3,
          3,
          2,
          0,
          2,
          2,
          2,
          1,
          2,
          0,
          0,
          2,
          2,
          1,
          1,
          1
        ],
        "use_counts": [
          24,
          24,
          24,
          24
        ]
      },
      "build_router": {
        "candidate_sha256": "ebbcc31bb3e6ce3650f19e49d1a4ff36f53c8f740ad81e2c32c547fadb0882ce",
        "mode": "router",
        "report": {
          "count": 96,
          "exact_vectors": 91,
          "mismatched_rows_max": 576,
          "mismatched_rows_p50": 0.0,
          "mismatched_rows_p95": 142.75,
          "row_exact_fraction_p05": 0.7521701389923692,
          "row_exact_fraction_p50": 1.0,
          "row_exact_fraction_p95": 1.0,
          "vector_exact_fraction": 0.9479166865348816
        },
        "selected": [
          3,
          3,
          2,
          0,
          2,
          2,
          1,
          0,
          1,
          0,
          1,
          1,
          1,
          1,
          0,
          0,
          3,
          3,
          1,
          0,
          3,
          1,
          0,
          2,
          0,
          3,
          1,
          0,
          2,
          0,
          2,
          0,
          3,
          3,
          1,
          0,
          3,
          3,
          1,
          0,
          3,
          1,
          2,
          2,
          2,
          2,
          2,
          2,
          3,
          3,
          2,
          0,
          0,
          2,
          2,
          0,
          0,
          1,
          0,
          1,
          2,
          0,
          2,
          0,
          3,
          3,
          0,
          2,
          3,
          3,
          1,
          2,
          2,
          2,
          3,
          3,
          1,
          1,
          2,
          1,
          3,
          3,
          2,
          0,
          2,
          2,
          2,
          1,
          2,
          0,
          0,
          2,
          2,
          1,
          1,
          1
        ],
        "use_counts": [
          24,
          22,
          29,
          21
        ]
      },
      "evaluation_oracle": {
        "candidate_sha256": "17013e99c39034b38d9bc268c5a6d9de0265e7d95c21b134cd08084e34fff371",
        "mode": "oracle",
        "report": {
          "count": 96,
          "exact_vectors": 0,
          "mismatched_rows_max": 576,
          "mismatched_rows_p50": 575.0,
          "mismatched_rows_p95": 576.0,
          "row_exact_fraction_p05": 0.0,
          "row_exact_fraction_p50": 0.0017361111240461469,
          "row_exact_fraction_p95": 0.035156250931322575,
          "vector_exact_fraction": 0.0
        },
        "selected": [
          3,
          0,
          1,
          0,
          1,
          3,
          0,
          3,
          0,
          1,
          1,
          0,
          3,
          0,
          2,
          0,
          3,
          3,
          1,
          0,
          0,
          0,
          0,
          0,
          0,
          3,
          3,
          1,
          0,
          0,
          3,
          2,
          0,
          3,
          1,
          3,
          0,
          2,
          1,
          2,
          2,
          1,
          3,
          0,
          0,
          3,
          2,
          2,
          3,
          3,
          2,
          3,
          0,
          1,
          0,
          2,
          0,
          1,
          3,
          0,
          2,
          3,
          3,
          0,
          3,
          3,
          0,
          1,
          3,
          2,
          0,
          3,
          3,
          0,
          0,
          0,
          2,
          0,
          0,
          3,
          3,
          3,
          2,
          0,
          2,
          2,
          0,
          0,
          0,
          0,
          1,
          0,
          3,
          0,
          2,
          0
        ],
        "use_counts": [
          39,
          13,
          16,
          28
        ]
      },
      "evaluation_router": {
        "candidate_sha256": "7f784787fb8c76a259cc5d3f2e9eb6a2518d8f9a94cc723558f9e6f01364678e",
        "mode": "router",
        "report": {
          "count": 96,
          "exact_vectors": 0,
          "mismatched_rows_max": 576,
          "mismatched_rows_p50": 575.0,
          "mismatched_rows_p95": 576.0,
          "row_exact_fraction_p05": 0.0,
          "row_exact_fraction_p50": 0.0017361111240461469,
          "row_exact_fraction_p95": 0.035156250931322575,
          "vector_exact_fraction": 0.0
        },
        "selected": [
          3,
          3,
          2,
          0,
          1,
          0,
          2,
          2,
          0,
          1,
          2,
          2,
          0,
          2,
          0,
          2,
          3,
          3,
          1,
          0,
          0,
          0,
          0,
          0,
          0,
          3,
          3,
          0,
          0,
          0,
          0,
          0,
          3,
          3,
          1,
          0,
          2,
          2,
          0,
          0,
          0,
          2,
          3,
          1,
          1,
          0,
          0,
          2,
          3,
          3,
          2,
          1,
          1,
          1,
          1,
          2,
          1,
          2,
          0,
          2,
          3,
          3,
          1,
          1,
          3,
          3,
          0,
          2,
          3,
          3,
          1,
          2,
          3,
          3,
          2,
          2,
          2,
          1,
          1,
          3,
          3,
          3,
          2,
          0,
          2,
          0,
          1,
          2,
          0,
          2,
          1,
          2,
          3,
          3,
          2,
          0
        ],
        "use_counts": [
          28,
          18,
          26,
          24
        ]
      }
    },
    "residual_diagnostics": {
      "oracle": {
        "unique_residual_vector_fraction": 1.0,
        "unique_words_per_coordinate_p50": 93,
        "unique_words_per_coordinate_p95": 96,
        "zero_word_fraction": 0.006329571828246117
      },
      "router": {
        "unique_residual_vector_fraction": 1.0,
        "unique_words_per_coordinate_p50": 92,
        "unique_words_per_coordinate_p95": 95,
        "zero_word_fraction": 0.005787036847323179
      }
    }
  },
  "authoritative_decision": "REJECT_QUADRATIC_BF16_RESIDUAL_GENERATOR_AT_ORACLE_GATE",
  "capture_wall_ns": 51907633484,
  "claim_boundary": {
    "405b": "NOT_TESTED",
    "8gib_gpu": "NOT_TESTED",
    "actual_causal_states": true,
    "checkpoint_weights_modified": false,
    "complete_layer": "NOT_TESTED",
    "complete_mlp_replaced": false,
    "disjoint_build_evaluation_prompts": true,
    "official_checkpoint_loaded": true,
    "oracle_deployable": false,
    "physical_latency": "NOT_TESTED",
    "state_lookup_table": false,
    "successor_state": "NOT_TESTED"
  },
  "compile_wall_ns": 8123315724,
  "config_sha256": "0f6b5f52187af70c425c12b3a5cd977893444ce6e65ec04dc5ae7a8728207738",
  "deterministic_core_sha256": "c5600395900403ad181314b6e9919b8efeea959a40f42f5f8d43e2d24408a905",
  "evidence_level": "E1",
  "experiment": "EXP-087A",
  "gates": {
    "build": true,
    "integrity": true,
    "oracle": false,
    "resource": true,
    "router": false
  },
  "load_wall_ns": 13025929017,
  "manifest": {
    "context_bits": 12,
    "forbidden_shortcuts": [
      "exact state key",
      "prefix or KV lookup table",
      "target forward inside query",
      "dense MLP opcode inside query",
      "row/page fallback"
    ],
    "format": "quadratic-bf16-residual-generator-v1",
    "library_fingerprint": "ef0a0a05fa6b77ec3b3acc046e70eb6fe87aeda8939cfde60d2235e7b8e73f3d",
    "mechanism": "cross_weight_context_conditioned_gf2_quadratic_bf16_word_residual_generator",
    "partition_sha256": "e8d4929b88ce65232941d3510f3cca944a19cb3575232bbf3d6ba826f9f53174",
    "program_count": 4,
    "programs": [
      {
        "baseline_words_sha256": "39853f84413047a4e58759623e218d84e64fff45ca7b65ef1e2823a76669c4bf",
        "build_count": 24,
        "coefficient_words_sha256": "260008cad4788863d48943b533a25c76cba308e90feaf3f6f47f9b7933a653a4",
        "context_basis_sha256": "4efd518e6941da1e3a53701507f7d75c184c8559727dae75d5a53185156a19b3",
        "context_bits": 12,
        "feature_count": 79,
        "feature_rank": 24,
        "fingerprint": "8a69b52fe486f8de563dda723d382df9126fef166df3535dadd56db780e524a3",
        "input_mean_sha256": "3e897275757a862296325fe4dec5380d7d0717d414094bbc7bf44b8f4aae6d20"
      },
      {
        "baseline_words_sha256": "3d71d970ec897257d5741868ef63517f6596d9a6314b9e0af9abbd7ce1df9643",
        "build_count": 24,
        "coefficient_words_sha256": "6cc14dd2f356f830ebdf692ef6d03312d517eb7c40f6344393bf7c1fcff283a3",
        "context_basis_sha256": "c21e9c1af715067820077d9168ff1580cd21bac462587334ce830e449b0cfce1",
        "context_bits": 12,
        "feature_count": 79,
        "feature_rank": 24,
        "fingerprint": "837213a4420199c7efa8b693e94e6a242b422b1320a34c95ae261255a1439533",
        "input_mean_sha256": "a0ccabb58fd66cfaf8214bc469238b9be70e25c47bdb7cdaa8f7db06ac2646d3"
      },
      {
        "baseline_words_sha256": "af68f5e87860b00cfbbc65b36cff5231cc1f86c7dbd3a61c257e79436c860fdd",
        "build_count": 24,
        "coefficient_words_sha256": "414eacd7d4a23049885c3627a09fb2bb1e6c10e61552e6f8b0d9c1555e74258a",
        "context_basis_sha256": "e8a8f6752c2a2617378f22f330804fe7fe9e70063177fba65f2f1c1a76924c41",
        "context_bits": 12,
        "feature_count": 79,
        "feature_rank": 24,
        "fingerprint": "ce1ffe597b9433dd90b3cd809e3ac2a66c8e98eaf881b7e90b2ce1b1da4ac6ba",
        "input_mean_sha256": "505faa633ea5ec8f0b6a5c3de285897dea978a4b9d96995bbfa0dcc7ae47f059"
      },
      {
        "baseline_words_sha256": "ac3da33a709fb6d44b61162874c1e97b7b7f357799d1d18d454fa44f81514850",
        "build_count": 24,
        "coefficient_words_sha256": "10379c26ae2191225610ab6ee01907cc33d6ead0729cb40ff428a14da18363cc",
        "context_basis_sha256": "64eb1df2e22f448c2f854ba52e2555dd9f87318d97d3199553fbab8f8e7d9fb5",
        "context_bits": 12,
        "feature_count": 79,
        "feature_rank": 24,
        "fingerprint": "4e81f71a154a41df8a44bc2f5b445714ea930fb034032b2cf3a2eb6daa1debb1",
        "input_mean_sha256": "dc4f012a402851d158c8086469d90fbc85adad25eaf262862dced5ed10722aad"
      }
    ]
  },
  "name": "quadratic_bf16_residual_generator_gate",
  "runtime": {
    "python": "3.11.10",
    "safetensors": "0.4.5",
    "torch": "2.5.1+cpu",
    "transformers": "4.46.3"
  },
  "source_sha": "78e9901ced2937e76be9fa75a1383baa98f0057b"
}
