{"arm": "same_family", "split": "build", "case": "build_english", "K": 96, "committed": 5, "accepted": 4, "N_over_A": 19.4, "latency_ratio": 27.629545164458467, "exact_token": true, "exact_state": true}
{"arm": "same_family", "split": "build", "case": "build_code", "K": 96, "committed": 2, "accepted": 1, "N_over_A": 48.5, "latency_ratio": 69.65493230102474, "exact_token": true, "exact_state": true}
{"arm": "same_family", "split": "build", "case": "build_repetition", "K": 96, "committed": 3, "accepted": 2, "N_over_A": 32.333333333333336, "latency_ratio": 44.686772358133695, "exact_token": true, "exact_state": true}
{"arm": "same_family", "split": "holdout", "case": "holdout_math", "K": 96, "committed": 2, "accepted": 1, "N_over_A": 48.5, "latency_ratio": 73.61233029272512, "exact_token": true, "exact_state": true}
{"arm": "same_family", "split": "holdout", "case": "holdout_structured", "K": 96, "committed": 2, "accepted": 1, "N_over_A": 48.5, "latency_ratio": 69.97849418175208, "exact_token": true, "exact_state": true}
{"arm": "same_family", "split": "holdout", "case": "holdout_korean", "K": 96, "committed": 2, "accepted": 1, "N_over_A": 48.5, "latency_ratio": 87.21741498795241, "exact_token": true, "exact_state": true}
{"arm": "cross_family_text_bridge", "split": "build", "case": "build_english", "K": 96, "committed": 1, "accepted": 0, "N_over_A": 2.0, "latency_ratio": 2.343092288699654, "exact_token": true, "exact_state": true}
{"arm": "cross_family_text_bridge", "split": "build", "case": "build_code", "K": 96, "committed": 2, "accepted": 1, "N_over_A": 22.5, "latency_ratio": 22.948449481637407, "exact_token": true, "exact_state": true}
{"arm": "cross_family_text_bridge", "split": "build", "case": "build_repetition", "K": 96, "committed": 2, "accepted": 1, "N_over_A": 6.0, "latency_ratio": 5.961490276042244, "exact_token": true, "exact_state": true}
{"arm": "cross_family_text_bridge", "split": "holdout", "case": "holdout_math", "K": 96, "committed": 2, "accepted": 1, "N_over_A": 17.5, "latency_ratio": 17.610299017812846, "exact_token": true, "exact_state": true}
{"arm": "cross_family_text_bridge", "split": "holdout", "case": "holdout_structured", "K": 96, "committed": 1, "accepted": 0, "N_over_A": 2.0, "latency_ratio": 2.37843826287356, "exact_token": true, "exact_state": true}
{"arm": "cross_family_text_bridge", "split": "holdout", "case": "holdout_korean", "K": 96, "committed": 2, "accepted": 1, "N_over_A": 12.5, "latency_ratio": 13.0100972172875, "exact_token": true, "exact_state": true}
{
  "cross_family_text_bridge": {
    "candidate_ratio_p95": 17.0,
    "case_count": 3,
    "committed_tokens_p50": 2.0,
    "committed_tokens_p95": 2.0,
    "exact_token_and_state": true,
    "gate_passed": false,
    "latency_ratio_p50": 13.0100972172875,
    "latency_ratio_p95": 17.15027883776031,
    "minimum_committed_tokens": 1
  },
  "decision": "REJECT_FROZEN_REAL_CAUSAL_EXTERNAL_DRAFTS_AS_85_TOKEN_AMORTIZATION_SOURCE",
  "integrity_failures": [],
  "same_family": {
    "candidate_ratio_p95": 48.5,
    "case_count": 3,
    "committed_tokens_p50": 2.0,
    "committed_tokens_p95": 2.0,
    "exact_token_and_state": true,
    "gate_passed": false,
    "latency_ratio_p50": 73.61233029272512,
    "latency_ratio_p95": 85.85690651842967,
    "minimum_committed_tokens": 2
  }
}
