We detected that you are passing `past_key_values` as a tuple of tuples. This is deprecated and will be removed in v4.47. Please convert your cache or use an appropriate `Cache` class (https://huggingface.co/docs/transformers/kv_cache#legacy-cache-format)
{
  "aggregate_by_k": {
    "128": {
      "count": 6,
      "full_mlp_vector_exact_min": 1.0,
      "full_mlp_vector_exact_p05": 1.0,
      "full_mlp_vector_exact_p50": 1.0,
      "projection_block_speedup_p05": 1.009017934560512,
      "projection_block_speedup_p50": 1.0123506070544193,
      "projection_block_speedup_p95": 1.0135867297587322,
      "shannon_weight_fraction": 0.005133501428834924,
      "zlib_weight_fraction": 0.0061907091258484636
    },
    "13": {
      "count": 54,
      "full_mlp_vector_exact_min": 1.0,
      "full_mlp_vector_exact_p05": 1.0,
      "full_mlp_vector_exact_p50": 1.0,
      "projection_block_speedup_p05": 1.0096839267038642,
      "projection_block_speedup_p50": 1.0118796352778647,
      "projection_block_speedup_p95": 1.014352037032978,
      "shannon_weight_fraction": 0.05054524483775925,
      "zlib_weight_fraction": 0.06095467446989256
    },
    "32": {
      "count": 24,
      "full_mlp_vector_exact_min": 1.0,
      "full_mlp_vector_exact_p05": 1.0,
      "full_mlp_vector_exact_p50": 1.0,
      "projection_block_speedup_p05": 1.009825386357746,
      "projection_block_speedup_p50": 1.0130402747256344,
      "projection_block_speedup_p95": 1.0162301515521277,
      "shannon_weight_fraction": 0.020534005715339695,
      "zlib_weight_fraction": 0.024762836503393854
    },
    "64": {
      "count": 12,
      "full_mlp_vector_exact_min": 1.0,
      "full_mlp_vector_exact_p05": 1.0,
      "full_mlp_vector_exact_p50": 1.0,
      "projection_block_speedup_p05": 1.00941643231165,
      "projection_block_speedup_p50": 1.0129652555433686,
      "projection_block_speedup_p95": 1.0146202889361273,
      "shannon_weight_fraction": 0.010267002857669847,
      "zlib_weight_fraction": 0.012381418251696927
    }
  },
  "authoritative_decision": "CONDITIONAL_LOSSLESS_ENTROPY_STATIONARY_PATH_REQUIRES_TARGET_BASELINE_AND_TARGET_ENTROPY",
  "block_mismatches": 0,
  "claim_boundary": {
    "405b_execution": "NOT_TESTED",
    "8gib_gpu": "NOT_TESTED",
    "actual_checkpoint_activations": true,
    "actual_checkpoint_weights": true,
    "future_target_activations_used": true,
    "lossless_roundtrip": true,
    "official_checkpoint_loaded": true,
    "target_405b_entropy": "NOT_TESTED",
    "target_effective_fp32_throughput": "NOT_TESTED",
    "target_native_4b_baseline": "NOT_TESTED"
  },
  "compression_rows": [
    {
      "byte_entropy_bits": 6.191864988078027,
      "compression_ratio": 1.264755957920378,
      "decode_ns": 13784613,
      "dtype": "bfloat16",
      "encode_ns": 174179877,
      "encoded_bytes": 1399062,
      "name": "gate_proj",
      "raw_bytes": 1769472,
      "raw_sha256": "b3257bec2c20bcfef046fcd8dfe99cac5a1f70822bd83ca683de0d1e6933120c",
      "roundtrip_mismatch": 0,
      "shannon_ratio": 1.527977429657735,
      "shannon_word16_bytes": 1158048.5193399482,
      "shape": [
        1536,
        576
      ],
      "tile_count": 2,
      "word16_entropy_bits": 10.471358862665909
    },
    {
      "byte_entropy_bits": 6.1922847837259845,
      "compression_ratio": 1.2642128855303028,
      "decode_ns": 13259116,
      "dtype": "bfloat16",
      "encode_ns": 173269649,
      "encoded_bytes": 1399663,
      "name": "up_proj",
      "raw_bytes": 1769472,
      "raw_sha256": "d713739db7950d6c3dfe8d82f036591fc3667a7d1a5f688264221dd253fc814f",
      "roundtrip_mismatch": 0,
      "shannon_ratio": 1.5267374542023984,
      "shannon_word16_bytes": 1158989.0554721549,
      "shape": [
        1536,
        576
      ],
      "tile_count": 2,
      "word16_entropy_bits": 10.47986342115302
    },
    {
      "byte_entropy_bits": 6.244526519287504,
      "compression_ratio": 1.2569763468755528,
      "decode_ns": 13299596,
      "dtype": "bfloat16",
      "encode_ns": 168329072,
      "encoded_bytes": 1407721,
      "name": "down_proj",
      "raw_bytes": 1769472,
      "raw_sha256": "cd82c901faa31baba56e78a44a7defc4cb8295084678bad85a3919860b560e74",
      "roundtrip_mismatch": 0,
      "shannon_ratio": 1.5110004856111314,
      "shannon_word16_bytes": 1171059.8486567186,
      "shape": [
        576,
        1536
      ],
      "tile_count": 2,
      "word16_entropy_bits": 10.58901049494284
    }
  ],
  "deterministic_core_sha256": "26064d1b8648ea8048256fc629d5178f3669425bf21120513613b07411707b2f",
  "evidence_level": "E1",
  "experiment": "EXP-087A",
  "external_assumptions": {
    "m5000_fp32_peak_tflop_s": 4.3,
    "published_lossless_entropy_range": "2x-10x effective entropy reduction; not measured here",
    "stage2_baseline_required": true,
    "target_pcie_ceiling_gib_s": 7.4506
  },
  "gates": {
    "exactness_passed": true,
    "io_screen_passed": true,
    "physical_saving": true
  },
  "global_compression": {
    "encoded_bytes": 4206446,
    "raw_bytes": 5308416,
    "shannon_bytes": 3488097.4234688217,
    "shannon_ratio": 1.5218657495870396,
    "zlib_ratio": 1.2619717452690467
  },
  "load_wall_ns": 13506093650,
  "measured_block_rows": 96,
  "measured_prompt_count": 6,
  "name": "lossless_entropy_stationary_perfect_block_gate",
  "phase": [
    "A-resource",
    "B-reference",
    "C-small-real-checkpoint-observation"
  ],
  "roundtrip_mismatches": 0,
  "runtime": {
    "python": "3.11.10",
    "safetensors": "0.4.5",
    "torch": "2.5.1+cpu",
    "transformers": "4.46.3"
  },
  "source_sha": "5e3465aeb88c3b6d6d66726a9ca55903fb5717ab",
  "target_forward_calls": 768,
  "target_surface": [
    {
      "block_size": 13,
      "compressed_checkpoint_gib": 188.98828125,
      "compression_ratio": 1.0,
      "dense_compute_floor_ms_per_token": 188.7670900688372,
      "fits_registered_root_free_space": false,
      "io_ms_per_token": 1951.1932054000813,
      "required_native_4b_p50_ms": 1625.9943378334012,
      "source_format": "ideal_q4",
      "source_gib": 188.98828125,
      "total_roofline_floor_ms_per_token": 1951.1932054000813,
      "traffic_fraction": 0.07692307692307693
    },
    {
      "block_size": 32,
      "compressed_checkpoint_gib": 188.98828125,
      "compression_ratio": 1.0,
      "dense_compute_floor_ms_per_token": 188.7670900688372,
      "fits_registered_root_free_space": false,
      "io_ms_per_token": 792.6722396937831,
      "required_native_4b_p50_ms": 660.5601997448193,
      "source_format": "ideal_q4",
      "source_gib": 188.98828125,
      "total_roofline_floor_ms_per_token": 792.6722396937831,
      "traffic_fraction": 0.03125
    },
    {
      "block_size": 64,
      "compressed_checkpoint_gib": 188.98828125,
      "compression_ratio": 1.0,
      "dense_compute_floor_ms_per_token": 188.7670900688372,
      "fits_registered_root_free_space": false,
      "io_ms_per_token": 396.33611984689156,
      "required_native_4b_p50_ms": 330.28009987240966,
      "source_format": "ideal_q4",
      "source_gib": 188.98828125,
      "total_roofline_floor_ms_per_token": 396.33611984689156,
      "traffic_fraction": 0.015625
    },
    {
      "block_size": 128,
      "compressed_checkpoint_gib": 188.98828125,
      "compression_ratio": 1.0,
      "dense_compute_floor_ms_per_token": 188.7670900688372,
      "fits_registered_root_free_space": false,
      "io_ms_per_token": 198.16805992344578,
      "required_native_4b_p50_ms": 165.14004993620483,
      "source_format": "ideal_q4",
      "source_gib": 188.98828125,
      "total_roofline_floor_ms_per_token": 198.16805992344578,
      "traffic_fraction": 0.0078125
    },
    {
      "block_size": 13,
      "compressed_checkpoint_gib": 149.75634910883727,
      "compression_ratio": 1.2619717452690467,
      "dense_compute_floor_ms_per_token": 188.7670900688372,
      "fits_registered_root_free_space": false,
      "io_ms_per_token": 1546.1465066193664,
      "required_native_4b_p50_ms": 1288.4554221828055,
      "source_format": "ideal_q4",
      "source_gib": 188.98828125,
      "total_roofline_floor_ms_per_token": 1546.1465066193664,
      "traffic_fraction": 0.06095467446989256
    },
    {
      "block_size": 32,
      "compressed_checkpoint_gib": 149.75634910883727,
      "compression_ratio": 1.2619717452690467,
      "dense_compute_floor_ms_per_token": 188.7670900688372,
      "fits_registered_root_free_space": false,
      "io_ms_per_token": 628.1220183141177,
      "required_native_4b_p50_ms": 523.4350152617648,
      "source_format": "ideal_q4",
      "source_gib": 188.98828125,
      "total_roofline_floor_ms_per_token": 628.1220183141177,
      "traffic_fraction": 0.024762836503393854
    },
    {
      "block_size": 64,
      "compressed_checkpoint_gib": 149.75634910883727,
      "compression_ratio": 1.2619717452690467,
      "dense_compute_floor_ms_per_token": 188.7670900688372,
      "fits_registered_root_free_space": false,
      "io_ms_per_token": 314.06100915705883,
      "required_native_4b_p50_ms": 261.7175076308824,
      "source_format": "ideal_q4",
      "source_gib": 188.98828125,
      "total_roofline_floor_ms_per_token": 314.06100915705883,
      "traffic_fraction": 0.012381418251696927
    },
    {
      "block_size": 128,
      "compressed_checkpoint_gib": 149.75634910883727,
      "compression_ratio": 1.2619717452690467,
      "dense_compute_floor_ms_per_token": 188.7670900688372,
      "fits_registered_root_free_space": false,
      "io_ms_per_token": 157.03050457852942,
      "required_native_4b_p50_ms": 157.30590839069768,
      "source_format": "ideal_q4",
      "source_gib": 188.98828125,
      "total_roofline_floor_ms_per_token": 188.7670900688372,
      "traffic_fraction": 0.0061907091258484636
    },
    {
      "block_size": 13,
      "compressed_checkpoint_gib": 124.18196631423122,
      "compression_ratio": 1.5218657495870396,
      "dense_compute_floor_ms_per_token": 188.7670900688372,
      "fits_registered_root_free_space": false,
      "io_ms_per_token": 1282.1059978053522,
      "required_native_4b_p50_ms": 1068.4216648377935,
      "source_format": "ideal_q4",
      "source_gib": 188.98828125,
      "total_roofline_floor_ms_per_token": 1282.1059978053522,
      "traffic_fraction": 0.05054524483775925
    },
    {
      "block_size": 32,
      "compressed_checkpoint_gib": 124.18196631423122,
      "compression_ratio": 1.5218657495870396,
      "dense_compute_floor_ms_per_token": 188.7670900688372,
      "fits_registered_root_free_space": false,
      "io_ms_per_token": 520.8555616084243,
      "required_native_4b_p50_ms": 434.0463013403536,
      "source_format": "ideal_q4",
      "source_gib": 188.98828125,
      "total_roofline_floor_ms_per_token": 520.8555616084243,
      "traffic_fraction": 0.020534005715339695
    },
    {
      "block_size": 64,
      "compressed_checkpoint_gib": 124.18196631423122,
      "compression_ratio": 1.5218657495870396,
      "dense_compute_floor_ms_per_token": 188.7670900688372,
      "fits_registered_root_free_space": false,
      "io_ms_per_token": 260.42778080421215,
      "required_native_4b_p50_ms": 217.0231506701768,
      "source_format": "ideal_q4",
      "source_gib": 188.98828125,
      "total_roofline_floor_ms_per_token": 260.42778080421215,
      "traffic_fraction": 0.010267002857669847
    },
    {
      "block_size": 128,
      "compressed_checkpoint_gib": 124.18196631423122,
      "compression_ratio": 1.5218657495870396,
      "dense_compute_floor_ms_per_token": 188.7670900688372,
      "fits_registered_root_free_space": false,
      "io_ms_per_token": 130.21389040210607,
      "required_native_4b_p50_ms": 157.30590839069768,
      "source_format": "ideal_q4",
      "source_gib": 188.98828125,
      "total_roofline_floor_ms_per_token": 188.7670900688372,
      "traffic_fraction": 0.005133501428834924
    },
    {
      "block_size": 13,
      "compressed_checkpoint_gib": 94.494140625,
      "compression_ratio": 2.0,
      "dense_compute_floor_ms_per_token": 188.7670900688372,
      "fits_registered_root_free_space": true,
      "io_ms_per_token": 975.5966027000406,
      "required_native_4b_p50_ms": 812.9971689167006,
      "source_format": "ideal_q4",
      "source_gib": 188.98828125,
      "total_roofline_floor_ms_per_token": 975.5966027000406,
      "traffic_fraction": 0.038461538461538464
    },
    {
      "block_size": 32,
      "compressed_checkpoint_gib": 94.494140625,
      "compression_ratio": 2.0,
      "dense_compute_floor_ms_per_token": 188.7670900688372,
      "fits_registered_root_free_space": true,
      "io_ms_per_token": 396.33611984689156,
      "required_native_4b_p50_ms": 330.28009987240966,
      "source_format": "ideal_q4",
      "source_gib": 188.98828125,
      "total_roofline_floor_ms_per_token": 396.33611984689156,
      "traffic_fraction": 0.015625
    },
    {
      "block_size": 64,
      "compressed_checkpoint_gib": 94.494140625,
      "compression_ratio": 2.0,
      "dense_compute_floor_ms_per_token": 188.7670900688372,
      "fits_registered_root_free_space": true,
      "io_ms_per_token": 198.16805992344578,
      "required_native_4b_p50_ms": 165.14004993620483,
      "source_format": "ideal_q4",
      "source_gib": 188.98828125,
      "total_roofline_floor_ms_per_token": 198.16805992344578,
      "traffic_fraction": 0.0078125
    },
    {
      "block_size": 128,
      "compressed_checkpoint_gib": 94.494140625,
      "compression_ratio": 2.0,
      "dense_compute_floor_ms_per_token": 188.7670900688372,
      "fits_registered_root_free_space": true,
      "io_ms_per_token": 99.08402996172289,
      "required_native_4b_p50_ms": 157.30590839069768,
      "source_format": "ideal_q4",
      "source_gib": 188.98828125,
      "total_roofline_floor_ms_per_token": 188.7670900688372,
      "traffic_fraction": 0.00390625
    },
    {
      "block_size": 13,
      "compressed_checkpoint_gib": 37.79765625,
      "compression_ratio": 5.0,
      "dense_compute_floor_ms_per_token": 188.7670900688372,
      "fits_registered_root_free_space": true,
      "io_ms_per_token": 390.23864108001635,
      "required_native_4b_p50_ms": 325.1988675666803,
      "source_format": "ideal_q4",
      "source_gib": 188.98828125,
      "total_roofline_floor_ms_per_token": 390.23864108001635,
      "traffic_fraction": 0.015384615384615385
    },
    {
      "block_size": 32,
      "compressed_checkpoint_gib": 37.79765625,
      "compression_ratio": 5.0,
      "dense_compute_floor_ms_per_token": 188.7670900688372,
      "fits_registered_root_free_space": true,
      "io_ms_per_token": 158.5344479387566,
      "required_native_4b_p50_ms": 157.30590839069768,
      "source_format": "ideal_q4",
      "source_gib": 188.98828125,
      "total_roofline_floor_ms_per_token": 188.7670900688372,
      "traffic_fraction": 0.00625
    },
    {
      "block_size": 64,
      "compressed_checkpoint_gib": 37.79765625,
      "compression_ratio": 5.0,
      "dense_compute_floor_ms_per_token": 188.7670900688372,
      "fits_registered_root_free_space": true,
      "io_ms_per_token": 79.2672239693783,
      "required_native_4b_p50_ms": 157.30590839069768,
      "source_format": "ideal_q4",
      "source_gib": 188.98828125,
      "total_roofline_floor_ms_per_token": 188.7670900688372,
      "traffic_fraction": 0.003125
    },
    {
      "block_size": 128,
      "compressed_checkpoint_gib": 37.79765625,
      "compression_ratio": 5.0,
      "dense_compute_floor_ms_per_token": 188.7670900688372,
      "fits_registered_root_free_space": true,
      "io_ms_per_token": 39.63361198468915,
      "required_native_4b_p50_ms": 157.30590839069768,
      "source_format": "ideal_q4",
      "source_gib": 188.98828125,
      "total_roofline_floor_ms_per_token": 188.7670900688372,
      "traffic_fraction": 0.0015625
    },
    {
      "block_size": 13,
      "compressed_checkpoint_gib": 18.898828125,
      "compression_ratio": 10.0,
      "dense_compute_floor_ms_per_token": 188.7670900688372,
      "fits_registered_root_free_space": true,
      "io_ms_per_token": 195.11932054000818,
      "required_native_4b_p50_ms": 162.59943378334015,
      "source_format": "ideal_q4",
      "source_gib": 188.98828125,
      "total_roofline_floor_ms_per_token": 195.11932054000818,
      "traffic_fraction": 0.007692307692307693
    },
    {
      "block_size": 32,
      "compressed_checkpoint_gib": 18.898828125,
      "compression_ratio": 10.0,
      "dense_compute_floor_ms_per_token": 188.7670900688372,
      "fits_registered_root_free_space": true,
      "io_ms_per_token": 79.2672239693783,
      "required_native_4b_p50_ms": 157.30590839069768,
      "source_format": "ideal_q4",
      "source_gib": 188.98828125,
      "total_roofline_floor_ms_per_token": 188.7670900688372,
      "traffic_fraction": 0.003125
    },
    {
      "block_size": 64,
      "compressed_checkpoint_gib": 18.898828125,
      "compression_ratio": 10.0,
      "dense_compute_floor_ms_per_token": 188.7670900688372,
      "fits_registered_root_free_space": true,
      "io_ms_per_token": 39.63361198468915,
      "required_native_4b_p50_ms": 157.30590839069768,
      "source_format": "ideal_q4",
      "source_gib": 188.98828125,
      "total_roofline_floor_ms_per_token": 188.7670900688372,
      "traffic_fraction": 0.0015625
    },
    {
      "block_size": 128,
      "compressed_checkpoint_gib": 18.898828125,
      "compression_ratio": 10.0,
      "dense_compute_floor_ms_per_token": 188.7670900688372,
      "fits_registered_root_free_space": true,
      "io_ms_per_token": 19.816805992344577,
      "required_native_4b_p50_ms": 157.30590839069768,
      "source_format": "ideal_q4",
      "source_gib": 188.98828125,
      "total_roofline_floor_ms_per_token": 188.7670900688372,
      "traffic_fraction": 0.00078125
    },
    {
      "block_size": 13,
      "compressed_checkpoint_gib": 755.953125,
      "compression_ratio": 1.0,
      "dense_compute_floor_ms_per_token": 188.7670900688372,
      "fits_registered_root_free_space": false,
      "io_ms_per_token": 7804.772821600325,
      "required_native_4b_p50_ms": 6503.977351333605,
      "source_format": "bf16",
      "source_gib": 755.953125,
      "total_roofline_floor_ms_per_token": 7804.772821600325,
      "traffic_fraction": 0.07692307692307693
    },
    {
      "block_size": 32,
      "compressed_checkpoint_gib": 755.953125,
      "compression_ratio": 1.0,
      "dense_compute_floor_ms_per_token": 188.7670900688372,
      "fits_registered_root_free_space": false,
      "io_ms_per_token": 3170.6889587751325,
      "required_native_4b_p50_ms": 2642.2407989792773,
      "source_format": "bf16",
      "source_gib": 755.953125,
      "total_roofline_floor_ms_per_token": 3170.6889587751325,
      "traffic_fraction": 0.03125
    },
    {
      "block_size": 64,
      "compressed_checkpoint_gib": 755.953125,
      "compression_ratio": 1.0,
      "dense_compute_floor_ms_per_token": 188.7670900688372,
      "fits_registered_root_free_space": false,
      "io_ms_per_token": 1585.3444793875663,
      "required_native_4b_p50_ms": 1321.1203994896387,
      "source_format": "bf16",
      "source_gib": 755.953125,
      "total_roofline_floor_ms_per_token": 1585.3444793875663,
      "traffic_fraction": 0.015625
    },
    {
      "block_size": 128,
      "compressed_checkpoint_gib": 755.953125,
      "compression_ratio": 1.0,
      "dense_compute_floor_ms_per_token": 188.7670900688372,
      "fits_registered_root_free_space": false,
      "io_ms_per_token": 792.6722396937831,
      "required_native_4b_p50_ms": 660.5601997448193,
      "source_format": "bf16",
      "source_gib": 755.953125,
      "total_roofline_floor_ms_per_token": 792.6722396937831,
      "traffic_fraction": 0.0078125
    },
    {
      "block_size": 13,
      "compressed_checkpoint_gib": 599.0253964353491,
      "compression_ratio": 1.2619717452690467,
      "dense_compute_floor_ms_per_token": 188.7670900688372,
      "fits_registered_root_free_space": false,
      "io_ms_per_token": 6184.586026477466,
      "required_native_4b_p50_ms": 5153.821688731222,
      "source_format": "bf16",
      "source_gib": 755.953125,
      "total_roofline_floor_ms_per_token": 6184.586026477466,
      "traffic_fraction": 0.06095467446989256
    },
    {
      "block_size": 32,
      "compressed_checkpoint_gib": 599.0253964353491,
      "compression_ratio": 1.2619717452690467,
      "dense_compute_floor_ms_per_token": 188.7670900688372,
      "fits_registered_root_free_space": false,
      "io_ms_per_token": 2512.4880732564707,
      "required_native_4b_p50_ms": 2093.740061047059,
      "source_format": "bf16",
      "source_gib": 755.953125,
      "total_roofline_floor_ms_per_token": 2512.4880732564707,
      "traffic_fraction": 0.024762836503393854
    },
    {
      "block_size": 64,
      "compressed_checkpoint_gib": 599.0253964353491,
      "compression_ratio": 1.2619717452690467,
      "dense_compute_floor_ms_per_token": 188.7670900688372,
      "fits_registered_root_free_space": false,
      "io_ms_per_token": 1256.2440366282353,
      "required_native_4b_p50_ms": 1046.8700305235295,
      "source_format": "bf16",
      "source_gib": 755.953125,
      "total_roofline_floor_ms_per_token": 1256.2440366282353,
      "traffic_fraction": 0.012381418251696927
    },
    {
      "block_size": 128,
      "compressed_checkpoint_gib": 599.0253964353491,
      "compression_ratio": 1.2619717452690467,
      "dense_compute_floor_ms_per_token": 188.7670900688372,
      "fits_registered_root_free_space": false,
      "io_ms_per_token": 628.1220183141177,
      "required_native_4b_p50_ms": 523.4350152617648,
      "source_format": "bf16",
      "source_gib": 755.953125,
      "total_roofline_floor_ms_per_token": 628.1220183141177,
      "traffic_fraction": 0.0061907091258484636
    },
    {
      "block_size": 13,
      "compressed_checkpoint_gib": 496.7278652569249,
      "compression_ratio": 1.5218657495870396,
      "dense_compute_floor_ms_per_token": 188.7670900688372,
      "fits_registered_root_free_space": false,
      "io_ms_per_token": 5128.423991221409,
      "required_native_4b_p50_ms": 4273.686659351174,
      "source_format": "bf16",
      "source_gib": 755.953125,
      "total_roofline_floor_ms_per_token": 5128.423991221409,
      "traffic_fraction": 0.05054524483775925
    },
    {
      "block_size": 32,
      "compressed_checkpoint_gib": 496.7278652569249,
      "compression_ratio": 1.5218657495870396,
      "dense_compute_floor_ms_per_token": 188.7670900688372,
      "fits_registered_root_free_space": false,
      "io_ms_per_token": 2083.422246433697,
      "required_native_4b_p50_ms": 1736.1852053614143,
      "source_format": "bf16",
      "source_gib": 755.953125,
      "total_roofline_floor_ms_per_token": 2083.422246433697,
      "traffic_fraction": 0.020534005715339695
    },
    {
      "block_size": 64,
      "compressed_checkpoint_gib": 496.7278652569249,
      "compression_ratio": 1.5218657495870396,
      "dense_compute_floor_ms_per_token": 188.7670900688372,
      "fits_registered_root_free_space": false,
      "io_ms_per_token": 1041.7111232168486,
      "required_native_4b_p50_ms": 868.0926026807072,
      "source_format": "bf16",
      "source_gib": 755.953125,
      "total_roofline_floor_ms_per_token": 1041.7111232168486,
      "traffic_fraction": 0.010267002857669847
    },
    {
      "block_size": 128,
      "compressed_checkpoint_gib": 496.7278652569249,
      "compression_ratio": 1.5218657495870396,
      "dense_compute_floor_ms_per_token": 188.7670900688372,
      "fits_registered_root_free_space": false,
      "io_ms_per_token": 520.8555616084243,
      "required_native_4b_p50_ms": 434.0463013403536,
      "source_format": "bf16",
      "source_gib": 755.953125,
      "total_roofline_floor_ms_per_token": 520.8555616084243,
      "traffic_fraction": 0.005133501428834924
    },
    {
      "block_size": 13,
      "compressed_checkpoint_gib": 377.9765625,
      "compression_ratio": 2.0,
      "dense_compute_floor_ms_per_token": 188.7670900688372,
      "fits_registered_root_free_space": false,
      "io_ms_per_token": 3902.3864108001626,
      "required_native_4b_p50_ms": 3251.9886756668025,
      "source_format": "bf16",
      "source_gib": 755.953125,
      "total_roofline_floor_ms_per_token": 3902.3864108001626,
      "traffic_fraction": 0.038461538461538464
    },
    {
      "block_size": 32,
      "compressed_checkpoint_gib": 377.9765625,
      "compression_ratio": 2.0,
      "dense_compute_floor_ms_per_token": 188.7670900688372,
      "fits_registered_root_free_space": false,
      "io_ms_per_token": 1585.3444793875663,
      "required_native_4b_p50_ms": 1321.1203994896387,
      "source_format": "bf16",
      "source_gib": 755.953125,
      "total_roofline_floor_ms_per_token": 1585.3444793875663,
      "traffic_fraction": 0.015625
    },
    {
      "block_size": 64,
      "compressed_checkpoint_gib": 377.9765625,
      "compression_ratio": 2.0,
      "dense_compute_floor_ms_per_token": 188.7670900688372,
      "fits_registered_root_free_space": false,
      "io_ms_per_token": 792.6722396937831,
      "required_native_4b_p50_ms": 660.5601997448193,
      "source_format": "bf16",
      "source_gib": 755.953125,
      "total_roofline_floor_ms_per_token": 792.6722396937831,
      "traffic_fraction": 0.0078125
    },
    {
      "block_size": 128,
      "compressed_checkpoint_gib": 377.9765625,
      "compression_ratio": 2.0,
      "dense_compute_floor_ms_per_token": 188.7670900688372,
      "fits_registered_root_free_space": false,
      "io_ms_per_token": 396.33611984689156,
      "required_native_4b_p50_ms": 330.28009987240966,
      "source_format": "bf16",
      "source_gib": 755.953125,
      "total_roofline_floor_ms_per_token": 396.33611984689156,
      "traffic_fraction": 0.00390625
    },
    {
      "block_size": 13,
      "compressed_checkpoint_gib": 151.190625,
      "compression_ratio": 5.0,
      "dense_compute_floor_ms_per_token": 188.7670900688372,
      "fits_registered_root_free_space": false,
      "io_ms_per_token": 1560.9545643200654,
      "required_native_4b_p50_ms": 1300.7954702667212,
      "source_format": "bf16",
      "source_gib": 755.953125,
      "total_roofline_floor_ms_per_token": 1560.9545643200654,
      "traffic_fraction": 0.015384615384615385
    },
    {
      "block_size": 32,
      "compressed_checkpoint_gib": 151.190625,
      "compression_ratio": 5.0,
      "dense_compute_floor_ms_per_token": 188.7670900688372,
      "fits_registered_root_free_space": false,
      "io_ms_per_token": 634.1377917550265,
      "required_native_4b_p50_ms": 528.4481597958554,
      "source_format": "bf16",
      "source_gib": 755.953125,
      "total_roofline_floor_ms_per_token": 634.1377917550265,
      "traffic_fraction": 0.00625
    },
    {
      "block_size": 64,
      "compressed_checkpoint_gib": 151.190625,
      "compression_ratio": 5.0,
      "dense_compute_floor_ms_per_token": 188.7670900688372,
      "fits_registered_root_free_space": false,
      "io_ms_per_token": 317.0688958775132,
      "required_native_4b_p50_ms": 264.2240798979277,
      "source_format": "bf16",
      "source_gib": 755.953125,
      "total_roofline_floor_ms_per_token": 317.0688958775132,
      "traffic_fraction": 0.003125
    },
    {
      "block_size": 128,
      "compressed_checkpoint_gib": 151.190625,
      "compression_ratio": 5.0,
      "dense_compute_floor_ms_per_token": 188.7670900688372,
      "fits_registered_root_free_space": false,
      "io_ms_per_token": 158.5344479387566,
      "required_native_4b_p50_ms": 157.30590839069768,
      "source_format": "bf16",
      "source_gib": 755.953125,
      "total_roofline_floor_ms_per_token": 188.7670900688372,
      "traffic_fraction": 0.0015625
    },
    {
      "block_size": 13,
      "compressed_checkpoint_gib": 75.5953125,
      "compression_ratio": 10.0,
      "dense_compute_floor_ms_per_token": 188.7670900688372,
      "fits_registered_root_free_space": true,
      "io_ms_per_token": 780.4772821600327,
      "required_native_4b_p50_ms": 650.3977351333606,
      "source_format": "bf16",
      "source_gib": 755.953125,
      "total_roofline_floor_ms_per_token": 780.4772821600327,
      "traffic_fraction": 0.007692307692307693
    },
    {
      "block_size": 32,
      "compressed_checkpoint_gib": 75.5953125,
      "compression_ratio": 10.0,
      "dense_compute_floor_ms_per_token": 188.7670900688372,
      "fits_registered_root_free_space": true,
      "io_ms_per_token": 317.0688958775132,
      "required_native_4b_p50_ms": 264.2240798979277,
      "source_format": "bf16",
      "source_gib": 755.953125,
      "total_roofline_floor_ms_per_token": 317.0688958775132,
      "traffic_fraction": 0.003125
    },
    {
      "block_size": 64,
      "compressed_checkpoint_gib": 75.5953125,
      "compression_ratio": 10.0,
      "dense_compute_floor_ms_per_token": 188.7670900688372,
      "fits_registered_root_free_space": true,
      "io_ms_per_token": 158.5344479387566,
      "required_native_4b_p50_ms": 157.30590839069768,
      "source_format": "bf16",
      "source_gib": 755.953125,
      "total_roofline_floor_ms_per_token": 188.7670900688372,
      "traffic_fraction": 0.0015625
    },
    {
      "block_size": 128,
      "compressed_checkpoint_gib": 75.5953125,
      "compression_ratio": 10.0,
      "dense_compute_floor_ms_per_token": 188.7670900688372,
      "fits_registered_root_free_space": true,
      "io_ms_per_token": 79.2672239693783,
      "required_native_4b_p50_ms": 157.30590839069768,
      "source_format": "bf16",
      "source_gib": 755.953125,
      "total_roofline_floor_ms_per_token": 188.7670900688372,
      "traffic_fraction": 0.00078125
    }
  ]
}
