We detected that you are passing `past_key_values` as a tuple of tuples. This is deprecated and will be removed in v4.47. Please convert your cache or use an appropriate `Cache` class (https://huggingface.co/docs/transformers/kv_cache#legacy-cache-format)
{
  "DERIVED": {
    "minimum_service_tokens_to_amortize_build_transitions": 8100,
    "target_resources": {
      "compiled_mlp_operation_fraction": 0.00036154114283048187,
      "favorable_packed_instruction_count_per_layer": 946242,
      "feature_count": 79,
      "sidecar_bytes": 1783627776,
      "sidecar_gib": 1.6611328125,
      "uncompiled_non_mlp_fraction": 0.1874496186519502,
      "whole_model_operation_fraction_if_only_mlp_replaced": 0.18774338904543011
    }
  },
  "MEASURED": {
    "build_assignment_counts": [
      24,
      24,
      24,
      24
    ],
    "build_program_exact": [
      true,
      false,
      true,
      true
    ],
    "build_state_count": 96,
    "controls": {
      "synthetic_quadratic": {
        "consistent": true,
        "features": 22,
        "mismatches": 0,
        "rank": 22,
        "rows": 32
      }
    },
    "evaluation_state_count": 96,
    "queries": {
      "build_oracle": {
        "candidate_sha256": "e38203773ce4f501711310e55d9f8122aeb1d99bab911dc576eee306570384ce",
        "mode": "oracle",
        "report": {
          "count": 96,
          "exact_vectors": 84,
          "mismatched_rows_max": 576,
          "mismatched_rows_p50": 0.0,
          "mismatched_rows_p95": 575.0,
          "row_exact_fraction_p05": 0.0017361111240461469,
          "row_exact_fraction_p50": 1.0,
          "row_exact_fraction_p95": 1.0,
          "vector_exact_fraction": 0.875
        },
        "selected": [
          3,
          3,
          2,
          0,
          2,
          2,
          1,
          0,
          0,
          0,
          1,
          1,
          0,
          1,
          0,
          0,
          3,
          3,
          1,
          0,
          3,
          1,
          0,
          0,
          0,
          3,
          1,
          0,
          2,
          0,
          2,
          0,
          3,
          3,
          1,
          0,
          3,
          3,
          1,
          0,
          3,
          1,
          2,
          2,
          3,
          1,
          2,
          3,
          3,
          3,
          2,
          0,
          0,
          2,
          2,
          0,
          0,
          0,
          0,
          1,
          2,
          0,
          2,
          0,
          3,
          3,
          0,
          2,
          3,
          3,
          1,
          3,
          2,
          2,
          3,
          3,
          1,
          0,
          2,
          2,
          3,
          3,
          2,
          0,
          2,
          2,
          2,
          1,
          2,
          0,
          0,
          2,
          2,
          1,
          0,
          0
        ],
        "use_counts": [
          31,
          16,
          25,
          24
        ]
      },
      "build_router": {
        "candidate_sha256": "bf4d7916a4def785358729eb65fc0a00ed2bba47c4faeb77997ef43e769713cd",
        "mode": "router",
        "report": {
          "count": 96,
          "exact_vectors": 80,
          "mismatched_rows_max": 576,
          "mismatched_rows_p50": 0.0,
          "mismatched_rows_p95": 576.0,
          "row_exact_fraction_p05": 0.0,
          "row_exact_fraction_p50": 1.0,
          "row_exact_fraction_p95": 1.0,
          "vector_exact_fraction": 0.8333333134651184
        },
        "selected": [
          3,
          3,
          2,
          0,
          2,
          2,
          1,
          0,
          1,
          0,
          1,
          1,
          1,
          1,
          0,
          0,
          3,
          3,
          1,
          0,
          3,
          1,
          0,
          2,
          0,
          3,
          1,
          0,
          2,
          0,
          2,
          0,
          3,
          3,
          1,
          0,
          3,
          3,
          1,
          0,
          3,
          1,
          2,
          2,
          2,
          2,
          2,
          2,
          3,
          3,
          2,
          0,
          0,
          2,
          2,
          0,
          0,
          1,
          0,
          1,
          2,
          0,
          2,
          0,
          3,
          3,
          0,
          2,
          3,
          3,
          1,
          2,
          2,
          2,
          3,
          3,
          1,
          1,
          2,
          1,
          3,
          3,
          2,
          0,
          2,
          2,
          2,
          1,
          2,
          0,
          0,
          2,
          2,
          1,
          1,
          1
        ],
        "use_counts": [
          24,
          22,
          29,
          21
        ]
      },
      "evaluation_oracle": {
        "candidate_sha256": "cf0c1e90936739c5a756b9814e192c7fc204d5c439ec7c9ea32c296a5a25d95d",
        "mode": "oracle",
        "report": {
          "count": 96,
          "exact_vectors": 0,
          "mismatched_rows_max": 576,
          "mismatched_rows_p50": 575.0,
          "mismatched_rows_p95": 576.0,
          "row_exact_fraction_p05": 0.0,
          "row_exact_fraction_p50": 0.0017361111240461469,
          "row_exact_fraction_p95": 0.03776041604578495,
          "vector_exact_fraction": 0.0
        },
        "selected": [
          3,
          0,
          2,
          0,
          1,
          3,
          1,
          3,
          0,
          0,
          2,
          0,
          1,
          1,
          1,
          0,
          3,
          3,
          0,
          0,
          0,
          0,
          0,
          1,
          0,
          3,
          3,
          0,
          0,
          0,
          3,
          1,
          1,
          3,
          1,
          3,
          0,
          2,
          0,
          2,
          2,
          3,
          3,
          0,
          0,
          1,
          2,
          2,
          3,
          3,
          2,
          3,
          0,
          0,
          0,
          2,
          0,
          0,
          3,
          0,
          2,
          3,
          3,
          0,
          3,
          3,
          0,
          0,
          3,
          2,
          0,
          3,
          3,
          0,
          0,
          0,
          2,
          1,
          0,
          3,
          3,
          3,
          2,
          0,
          2,
          1,
          0,
          0,
          0,
          0,
          1,
          0,
          3,
          0,
          2,
          0
        ],
        "use_counts": [
          41,
          13,
          15,
          27
        ]
      },
      "evaluation_router": {
        "candidate_sha256": "0fb27a1d0319f6e7441826cdab100db7fc9e5336cf3b6006ec3782ce5e86263c",
        "mode": "router",
        "report": {
          "count": 96,
          "exact_vectors": 0,
          "mismatched_rows_max": 576,
          "mismatched_rows_p50": 576.0,
          "mismatched_rows_p95": 576.0,
          "row_exact_fraction_p05": 0.0,
          "row_exact_fraction_p50": 0.0,
          "row_exact_fraction_p95": 0.03776041604578495,
          "vector_exact_fraction": 0.0
        },
        "selected": [
          3,
          3,
          2,
          0,
          1,
          0,
          2,
          2,
          0,
          1,
          2,
          2,
          0,
          2,
          0,
          2,
          3,
          3,
          1,
          0,
          0,
          0,
          0,
          0,
          0,
          3,
          3,
          0,
          0,
          0,
          0,
          0,
          3,
          3,
          1,
          0,
          2,
          2,
          0,
          0,
          0,
          2,
          3,
          1,
          1,
          0,
          0,
          2,
          3,
          3,
          2,
          1,
          1,
          1,
          1,
          2,
          1,
          2,
          0,
          2,
          3,
          3,
          1,
          1,
          3,
          3,
          0,
          2,
          3,
          3,
          1,
          2,
          3,
          3,
          2,
          2,
          2,
          1,
          1,
          3,
          3,
          3,
          2,
          0,
          2,
          0,
          1,
          2,
          0,
          2,
          1,
          2,
          3,
          3,
          2,
          0
        ],
        "use_counts": [
          28,
          18,
          26,
          24
        ]
      }
    },
    "residual_diagnostics": {
      "oracle": {
        "unique_residual_vector_fraction": 1.0,
        "unique_words_per_coordinate_p50": 93,
        "unique_words_per_coordinate_p95": 95,
        "zero_word_fraction": 0.006763599347323179
      },
      "router": {
        "unique_residual_vector_fraction": 1.0,
        "unique_words_per_coordinate_p50": 92,
        "unique_words_per_coordinate_p95": 95,
        "zero_word_fraction": 0.0062391492538154125
      }
    }
  },
  "authoritative_decision": "REJECT_QUADRATIC_BF16_RESIDUAL_GENERATOR_BUILD_GATE",
  "capture_wall_ns": 57316308464,
  "claim_boundary": {
    "405b": "NOT_TESTED",
    "8gib_gpu": "NOT_TESTED",
    "actual_causal_states": true,
    "checkpoint_weights_modified": false,
    "complete_layer": "NOT_TESTED",
    "complete_mlp_replaced": false,
    "disjoint_build_evaluation_prompts": true,
    "official_checkpoint_loaded": true,
    "oracle_deployable": false,
    "physical_latency": "NOT_TESTED",
    "state_lookup_table": false,
    "successor_state": "NOT_TESTED"
  },
  "compile_wall_ns": 7452499687,
  "config_sha256": "0f6b5f52187af70c425c12b3a5cd977893444ce6e65ec04dc5ae7a8728207738",
  "deterministic_core_sha256": "03680d9211b76a432c82176e8fb1542f52c6af15e1a3c21da47865c990b31512",
  "evidence_level": "E1",
  "experiment": "EXP-087A",
  "gates": {
    "build": false,
    "integrity": true,
    "oracle": false,
    "resource": true,
    "router": false
  },
  "load_wall_ns": 9758281360,
  "manifest": {
    "context_bits": 12,
    "forbidden_shortcuts": [
      "exact state key",
      "prefix or KV lookup table",
      "target forward inside query",
      "dense MLP opcode inside query",
      "row/page fallback"
    ],
    "format": "quadratic-bf16-residual-generator-v1",
    "library_fingerprint": "b3b93eb333e538b39928ebea3fef1e979f1b5deee24f9ada7fe5928ce8cb2a82",
    "mechanism": "cross_weight_context_conditioned_gf2_quadratic_bf16_word_residual_generator",
    "partition_sha256": "e8d4929b88ce65232941d3510f3cca944a19cb3575232bbf3d6ba826f9f53174",
    "program_count": 4,
    "programs": [
      {
        "baseline_words_sha256": "39853f84413047a4e58759623e218d84e64fff45ca7b65ef1e2823a76669c4bf",
        "build_count": 24,
        "coefficient_words_sha256": "260008cad4788863d48943b533a25c76cba308e90feaf3f6f47f9b7933a653a4",
        "context_basis_sha256": "4efd518e6941da1e3a53701507f7d75c184c8559727dae75d5a53185156a19b3",
        "context_bits": 12,
        "feature_count": 79,
        "feature_rank": 24,
        "fingerprint": "8a69b52fe486f8de563dda723d382df9126fef166df3535dadd56db780e524a3",
        "input_mean_sha256": "3e897275757a862296325fe4dec5380d7d0717d414094bbc7bf44b8f4aae6d20"
      },
      {
        "baseline_words_sha256": "3d71d970ec897257d5741868ef63517f6596d9a6314b9e0af9abbd7ce1df9643",
        "build_count": 24,
        "coefficient_words_sha256": "9ea1c83affc4db109f5084367afda27cb72c57c2dc1768d8c82d4bfe43629a79",
        "context_basis_sha256": "6c4dfadff4024edf1689cf05e652b96e13852835222e1ecd01a90566fd0ae5cf",
        "context_bits": 12,
        "feature_count": 79,
        "feature_rank": 24,
        "fingerprint": "a07ee480b94eef79815d14242bc361d9f5eac3c6cf5d22dfb5c7857404d0e6fb",
        "input_mean_sha256": "a0ccabb58fd66cfaf8214bc469238b9be70e25c47bdb7cdaa8f7db06ac2646d3"
      },
      {
        "baseline_words_sha256": "af68f5e87860b00cfbbc65b36cff5231cc1f86c7dbd3a61c257e79436c860fdd",
        "build_count": 24,
        "coefficient_words_sha256": "414eacd7d4a23049885c3627a09fb2bb1e6c10e61552e6f8b0d9c1555e74258a",
        "context_basis_sha256": "e8a8f6752c2a2617378f22f330804fe7fe9e70063177fba65f2f1c1a76924c41",
        "context_bits": 12,
        "feature_count": 79,
        "feature_rank": 24,
        "fingerprint": "ce1ffe597b9433dd90b3cd809e3ac2a66c8e98eaf881b7e90b2ce1b1da4ac6ba",
        "input_mean_sha256": "505faa633ea5ec8f0b6a5c3de285897dea978a4b9d96995bbfa0dcc7ae47f059"
      },
      {
        "baseline_words_sha256": "ac3da33a709fb6d44b61162874c1e97b7b7f357799d1d18d454fa44f81514850",
        "build_count": 24,
        "coefficient_words_sha256": "10379c26ae2191225610ab6ee01907cc33d6ead0729cb40ff428a14da18363cc",
        "context_basis_sha256": "64eb1df2e22f448c2f854ba52e2555dd9f87318d97d3199553fbab8f8e7d9fb5",
        "context_bits": 12,
        "feature_count": 79,
        "feature_rank": 24,
        "fingerprint": "4e81f71a154a41df8a44bc2f5b445714ea930fb034032b2cf3a2eb6daa1debb1",
        "input_mean_sha256": "dc4f012a402851d158c8086469d90fbc85adad25eaf262862dced5ed10722aad"
      }
    ]
  },
  "name": "quadratic_bf16_residual_generator_gate",
  "runtime": {
    "python": "3.11.10",
    "safetensors": "0.4.5",
    "torch": "2.5.1+cpu",
    "transformers": "4.46.3"
  },
  "source_sha": "eda4310e8ad20cf38ab712c46a9ef7b386882c62"
}
