{"projection": "q_proj", "prompt_id": "eval_english_01", "selected_kl": 0.0005664820290440788, "selected_page": 0, "top1_match": true}
{"projection": "down_proj", "prompt_id": "eval_english_01", "selected_kl": 0.0004063796776534734, "selected_page": 33, "top1_match": true}
{"projection": "q_proj", "prompt_id": "eval_english_02", "selected_kl": 7.0713690444810145e-06, "selected_page": 8, "top1_match": true}
{"projection": "down_proj", "prompt_id": "eval_english_02", "selected_kl": 1.7401965961570434e-05, "selected_page": 13, "top1_match": true}
{"projection": "q_proj", "prompt_id": "eval_english_03", "selected_kl": 0.00011463779290280176, "selected_page": 11, "top1_match": true}
{"projection": "down_proj", "prompt_id": "eval_english_03", "selected_kl": 0.04627240447488557, "selected_page": 3, "top1_match": true}
{"projection": "q_proj", "prompt_id": "eval_korean_01", "selected_kl": 0.023457305661249685, "selected_page": 1, "top1_match": true}
{"projection": "down_proj", "prompt_id": "eval_korean_01", "selected_kl": 0.029370931885430995, "selected_page": 2, "top1_match": true}
{"projection": "q_proj", "prompt_id": "eval_korean_02", "selected_kl": 0.00033443655245125767, "selected_page": 2, "top1_match": true}
{"projection": "down_proj", "prompt_id": "eval_korean_02", "selected_kl": 0.0023173525493105493, "selected_page": 49, "top1_match": true}
{"projection": "q_proj", "prompt_id": "eval_korean_03", "selected_kl": 0.00023088360054710267, "selected_page": 15, "top1_match": true}
{"projection": "down_proj", "prompt_id": "eval_korean_03", "selected_kl": 0.003608397245014439, "selected_page": 0, "top1_match": true}
{"projection": "q_proj", "prompt_id": "eval_code_01", "selected_kl": 0.002616045111924688, "selected_page": 5, "top1_match": true}
{"projection": "down_proj", "prompt_id": "eval_code_01", "selected_kl": 0.000758811667007447, "selected_page": 52, "top1_match": true}
{"projection": "q_proj", "prompt_id": "eval_code_02", "selected_kl": 3.788245525645652e-06, "selected_page": 14, "top1_match": true}
{"projection": "down_proj", "prompt_id": "eval_code_02", "selected_kl": 1.1168289044074337e-05, "selected_page": 3, "top1_match": true}
{"projection": "q_proj", "prompt_id": "eval_code_03", "selected_kl": 0.005709002601536131, "selected_page": 14, "top1_match": true}
{"projection": "down_proj", "prompt_id": "eval_code_03", "selected_kl": 0.008207377383761363, "selected_page": 4, "top1_match": true}
{"projection": "q_proj", "prompt_id": "eval_json_01", "selected_kl": 1.6375195141957347e-05, "selected_page": 1, "top1_match": true}
{"projection": "down_proj", "prompt_id": "eval_json_01", "selected_kl": 1.5884570346543613e-05, "selected_page": 50, "top1_match": true}
{"projection": "q_proj", "prompt_id": "eval_json_02", "selected_kl": 0.017889134253510137, "selected_page": 2, "top1_match": true}
{"projection": "down_proj", "prompt_id": "eval_json_02", "selected_kl": 0.007102814424977845, "selected_page": 3, "top1_match": true}
{"projection": "q_proj", "prompt_id": "eval_json_03", "selected_kl": 5.006602815941955e-05, "selected_page": 11, "top1_match": true}
{"projection": "down_proj", "prompt_id": "eval_json_03", "selected_kl": 7.087656528043675e-06, "selected_page": 9, "top1_match": true}
{"projection": "q_proj", "prompt_id": "eval_math_01", "selected_kl": 0.0005123971853961139, "selected_page": 0, "top1_match": true}
{"projection": "down_proj", "prompt_id": "eval_math_01", "selected_kl": 2.9474511199349144e-05, "selected_page": 7, "top1_match": true}
{"projection": "q_proj", "prompt_id": "eval_math_02", "selected_kl": 0.037660752986209814, "selected_page": 2, "top1_match": true}
{"projection": "down_proj", "prompt_id": "eval_math_02", "selected_kl": 0.0033898312098436614, "selected_page": 30, "top1_match": true}
{"projection": "q_proj", "prompt_id": "eval_math_03", "selected_kl": 0.0002486375595354486, "selected_page": 2, "top1_match": true}
{"projection": "down_proj", "prompt_id": "eval_math_03", "selected_kl": 0.011525776765982968, "selected_page": 45, "top1_match": true}
{"projection": "q_proj", "prompt_id": "eval_adversarial_01", "selected_kl": 0.0009430826131620624, "selected_page": 14, "top1_match": true}
{"projection": "down_proj", "prompt_id": "eval_adversarial_01", "selected_kl": 0.0012054789039521094, "selected_page": 4, "top1_match": true}
{"projection": "q_proj", "prompt_id": "eval_adversarial_02", "selected_kl": 0.014289659509012691, "selected_page": 15, "top1_match": true}
{"projection": "down_proj", "prompt_id": "eval_adversarial_02", "selected_kl": 0.0007691397261205163, "selected_page": 15, "top1_match": true}
{"projection": "q_proj", "prompt_id": "eval_adversarial_03", "selected_kl": 0.005008672647642477, "selected_page": 1, "top1_match": true}
{"projection": "down_proj", "prompt_id": "eval_adversarial_03", "selected_kl": 0.03544547687327697, "selected_page": 29, "top1_match": true}
